Modbus.c:77:6:StopModbus	16	static
Modbus.c:86:6:RingAdd	16	static
Modbus.c:101:9:RingGetAllBytes	16	static
Modbus.c:106:9:RingGetNBytes	32	static
Modbus.c:127:9:RingCountBytes	16	static
Modbus.c:131:6:RingClear	16	static
Modbus.c:169:6:ModbusInit	24	static
Modbus.c:262:6:ModbusStart	16	static
Modbus.c:325:6:ModbusStartCDC	16	static
Modbus.c:335:6:vTimerCallbackT35	32	static
Modbus.c:352:6:vTimerCallbackTimeout	24	static
Modbus.c:367:6:TCPwaitConnData	40	static
Modbus.c:420:6:TCPinitserver	24	static
Modbus.c:443:7:StartTaskModbusSlave	24	static
Modbus.c:570:6:ModbusQuery	16	static
Modbus.c:580:6:ModbusQueryInject	16	static
Modbus.c:599:8:SendQuery	24	static
Modbus.c:696:19:TCPconnectserver	32	static
Modbus.c:716:19:TCPgetRxBuffer	40	static
Modbus.c:762:6:StartTaskModbusMaster	80	static
Modbus.c:870:6:get_FC1	32	static
Modbus.c:893:6:get_FC3	32	static
Modbus.c:911:9:validateAnswer	24	static
Modbus.c:952:9:getRxBuffer	24	static
Modbus.c:983:9:validateRequest	24	static
Modbus.c:1075:10:word	24	static
Modbus.c:1091:10:calcCRC	32	static
Modbus.c:1120:6:buildException	24	static
Modbus.c:1142:13:sendTxBuffer	64	static
Modbus.c:1247:8:process_FC1	32	static
Modbus.c:1300:8:process_FC3	24	static
Modbus.c:1330:8:process_FC5	24	static
Modbus.c:1360:8:process_FC6	24	static
Modbus.c:1385:8:process_FC15	32	static
Modbus.c:1434:8:process_FC16	32	static
