ethernetif.c:689:9:ETH_PHY_IO_DeInit	0	static
ethernetif.c:437:14:low_level_output	64	static
ethernetif.c:631:6:pbuf_free_custom	0	static
ethernetif.c:732:9:ETH_PHY_IO_GetTick	0	static
ethernetif.c:672:9:ETH_PHY_IO_Init	8	static
ethernetif.c:701:9:ETH_PHY_IO_ReadReg	8	static
ethernetif.c:718:9:ETH_PHY_IO_WriteReg	8	static
ethernetif.c:529:6:ethernetif_input	96	static,ignoring_inline_asm
ethernetif.c:138:6:HAL_ETH_MspInit	72	static
ethernetif.c:203:6:HAL_ETH_MspDeInit	8	static
ethernetif.c:248:6:HAL_ETH_RxCpltCallback	0	static
ethernetif.c:587:7:ethernetif_init	168	static
ethernetif.c:646:7:sys_jiffies	0	static
ethernetif.c:657:7:sys_now	0	static
ethernetif.c:742:6:ethernet_link_thread	136	static
