ethernetif.c:138:6:HAL_ETH_MspInit	64	static
ethernetif.c:210:6:HAL_ETH_MspDeInit	16	static
ethernetif.c:255:6:HAL_ETH_RxCpltCallback	16	static
ethernetif.c:274:13:low_level_init	184	static
ethernetif.c:444:14:low_level_output	80	static
ethernetif.c:490:22:low_level_input	104	static,ignoring_inline_asm
ethernetif.c:536:6:ethernetif_input	24	static
ethernetif.c:594:7:ethernetif_init	16	static
ethernetif.c:638:6:pbuf_free_custom	24	static
ethernetif.c:653:7:sys_jiffies	8	static
ethernetif.c:664:7:sys_now	8	static
ethernetif.c:679:9:ETH_PHY_IO_Init	8	static
ethernetif.c:696:9:ETH_PHY_IO_DeInit	4	static
ethernetif.c:708:9:ETH_PHY_IO_ReadReg	24	static
ethernetif.c:725:9:ETH_PHY_IO_WriteReg	24	static
ethernetif.c:739:9:ETH_PHY_IO_GetTick	8	static
ethernetif.c:749:6:ethernet_link_thread	136	static
