parson.c:203:14:read_file	40	static
parson.c:236:13:remove_comments	56	static
parson.c:273:14:parson_strndup	24	static
parson.c:284:14:parson_strdup	16	static
parson.c:288:12:hex_char_to_int	16	static
parson.c:299:20:parse_utf16_hex	32	static
parson.c:315:12:num_bytes_in_utf8_sequence	16	static
parson.c:330:20:verify_utf8_sequence	24	static
parson.c:372:12:is_valid_utf8	24	static
parson.c:385:22:is_decimal	16	static
parson.c:400:22:hash_string	32	static
parson.c:421:21:json_object_make	24	static
parson.c:436:20:json_object_init	24	static
parson.c:479:13:json_object_deinit	32	static
parson.c:508:20:json_object_grow_and_rehash	88	static
parson.c:538:15:json_object_get_cell_ix	56	static
parson.c:572:20:json_object_add	48	static
parson.c:610:20:json_object_getn_value	48	static
parson.c:629:20:json_object_remove_internal	72	static
parson.c:689:20:json_object_dotremove_internal	40	static
parson.c:705:13:json_object_free	16	static
parson.c:711:20:json_array_make	24	static
parson.c:723:20:json_array_add	24	static
parson.c:736:20:json_array_resize	24	static
parson.c:755:13:json_array_free	24	static
parson.c:765:20:json_value_init_string_no_copy	24	static
parson.c:778:20:skip_quotes	16	static
parson.c:798:20:parse_utf16	40	static
parson.c:847:14:process_string	48	static
parson.c:921:14:get_quoted_string	32	static
parson.c:932:20:parse_value	16	static
parson.c:966:20:parse_object_value	40	static
parson.c:1036:20:parse_array_value	32	static
parson.c:1084:20:parse_string_value	32	static
parson.c:1099:20:parse_boolean_value	24	static
parson.c:1112:20:parse_number_value	32	static
parson.c:1127:20:parse_null_value	24	static
parson.c:1147:12:json_serialize_to_buffer_r	80	static
parson.c:1288:12:json_serialize_string	40	static
parson.c:1423:12:append_indent	32	static
parson.c:1432:12:append_string	16	static
parson.c:1443:13:json_parse_file	24	static
parson.c:1454:13:json_parse_file_with_comments	24	static
parson.c:1465:13:json_parse_string	16	static
parson.c:1475:13:json_parse_string_with_comments	32	static
parson.c:1492:13:json_object_get_value	16	static
parson.c:1499:13:json_object_get_string	16	static
parson.c:1503:8:json_object_get_string_len	16	static
parson.c:1507:8:json_object_get_number	16	static
parson.c:1511:14:json_object_get_object	16	static
parson.c:1515:13:json_object_get_array	16	static
parson.c:1519:5:json_object_get_boolean	16	static
parson.c:1523:13:json_object_dotget_value	24	static
parson.c:1534:13:json_object_dotget_string	16	static
parson.c:1539:8:json_object_dotget_string_len	16	static
parson.c:1544:8:json_object_dotget_number	16	static
parson.c:1548:14:json_object_dotget_object	16	static
parson.c:1553:13:json_object_dotget_array	16	static
parson.c:1558:5:json_object_dotget_boolean	16	static
parson.c:1562:8:json_object_get_count	16	static
parson.c:1566:13:json_object_get_name	16	static
parson.c:1573:13:json_object_get_value_at	16	static
parson.c:1580:13:json_object_get_wrapping_value	16	static
parson.c:1587:5:json_object_has_value	16	static
parson.c:1591:5:json_object_has_value_of_type	32	static
parson.c:1597:5:json_object_dothas_value	16	static
parson.c:1601:5:json_object_dothas_value_of_type	32	static
parson.c:1608:13:json_array_get_value	16	static
parson.c:1615:13:json_array_get_string	16	static
parson.c:1619:8:json_array_get_string_len	16	static
parson.c:1623:8:json_array_get_number	16	static
parson.c:1627:14:json_array_get_object	16	static
parson.c:1631:13:json_array_get_array	16	static
parson.c:1635:5:json_array_get_boolean	16	static
parson.c:1639:8:json_array_get_count	16	static
parson.c:1643:13:json_array_get_wrapping_value	16	static
parson.c:1651:17:json_value_get_type	16	static
parson.c:1655:14:json_value_get_object	16	static
parson.c:1659:13:json_value_get_array	16	static
parson.c:1663:27:json_value_get_string_desc	16	static
parson.c:1668:13:json_value_get_string	24	static
parson.c:1673:8:json_value_get_string_len	24	static
parson.c:1678:8:json_value_get_number	16	static
parson.c:1682:5:json_value_get_boolean	16	static
parson.c:1686:13:json_value_get_parent	16	static
parson.c:1690:6:json_value_free	16	static
parson.c:1707:13:json_value_init_object	16	static
parson.c:1722:13:json_value_init_array	16	static
parson.c:1737:13:json_value_init_string	16	static
parson.c:1744:13:json_value_init_string_with_len	24	static
parson.c:1764:13:json_value_init_number	24	static
parson.c:1779:13:json_value_init_boolean	24	static
parson.c:1790:13:json_value_init_null	16	static
parson.c:1800:13:json_value_deep_copy	72	static
parson.c:1894:8:json_serialization_size	96	static
parson.c:1900:13:json_serialize_to_buffer	40	static
parson.c:1914:13:json_serialize_to_file	32	static
parson.c:1937:7:json_serialize_to_string	32	static
parson.c:1956:8:json_serialization_size_pretty	96	static
parson.c:1962:13:json_serialize_to_buffer_pretty	40	static
parson.c:1976:13:json_serialize_to_file_pretty	32	static
parson.c:1999:7:json_serialize_to_string_pretty	32	static
parson.c:2019:6:json_free_serialized_string	16	static
parson.c:2023:13:json_array_remove	24	static
parson.c:2036:13:json_array_replace_value	24	static
parson.c:2048:13:json_array_replace_string	32	static
parson.c:2061:13:json_array_replace_string_with_len	32	static
parson.c:2074:13:json_array_replace_number	32	static
parson.c:2087:13:json_array_replace_boolean	32	static
parson.c:2099:13:json_array_replace_null	24	static
parson.c:2111:13:json_array_clear	24	static
parson.c:2123:13:json_array_append_value	16	static
parson.c:2130:13:json_array_append_string	24	static
parson.c:2142:13:json_array_append_string_with_len	32	static
parson.c:2155:13:json_array_append_number	32	static
parson.c:2167:13:json_array_append_boolean	24	static
parson.c:2179:13:json_array_append_null	24	static
parson.c:2191:13:json_object_set_value	64	static
parson.c:2236:13:json_object_set_string	32	static
parson.c:2246:13:json_object_set_string_with_len	32	static
parson.c:2256:13:json_object_set_number	32	static
parson.c:2266:13:json_object_set_boolean	32	static
parson.c:2276:13:json_object_set_null	24	static
parson.c:2285:13:json_object_dotset_value	56	static
parson.c:2337:13:json_object_dotset_string	32	static
parson.c:2350:13:json_object_dotset_string_with_len	32	static
parson.c:2363:13:json_object_dotset_number	32	static
parson.c:2376:13:json_object_dotset_boolean	32	static
parson.c:2389:13:json_object_dotset_null	24	static
parson.c:2401:13:json_object_remove	16	static
parson.c:2405:13:json_object_dotremove	16	static
parson.c:2409:13:json_object_clear	24	static
parson.c:2422:13:json_validate	64	static
parson.c:2486:5:json_value_equals	80	static
parson.c:2553:17:json_type	16	static
parson.c:2557:14:json_object	16	static
parson.c:2561:13:json_array	16	static
parson.c:2565:13:json_string	16	static
parson.c:2569:8:json_string_len	16	static
parson.c:2573:8:json_number	16	static
parson.c:2577:5:json_boolean	16	static
parson.c:2581:6:json_set_allocation_functions	16	static
parson.c:2587:6:json_set_escape_slashes	16	static
