main.c:131:5:main	24	static,ignoring_inline_asm
main.c:236:6:SystemClock_Config	120	static
main.c:292:13:MX_UART4_Init	8	static
main.c:340:13:MX_GPIO_Init	56	static
main.c:424:6:StartDefaultTask	16	static
main.c:449:6:StartDebugLogger	16	static
main.c:467:6:StartTCPMain	16	static
main.c:489:6:StartServerModbusTCP	16	static
main.c:511:6:StartClientModbusTCP	16	static
main.c:528:6:MPU_Config	24	static
main.c:572:6:HAL_TIM_PeriodElapsedCallback	16	static
main.c:589:6:Error_Handler	4	static,ignoring_inline_asm
