main.c:130:5:main	24	static,ignoring_inline_asm
main.c:234:6:SystemClock_Config	120	static
main.c:290:13:MX_UART4_Init	8	static
main.c:338:13:MX_GPIO_Init	56	static
main.c:422:6:StartDefaultTask	16	static
main.c:446:6:StartDebugLogger	16	static
main.c:464:6:StartTCPMain	16	static
main.c:486:6:StartServerModbusTCP	16	static
main.c:509:6:StartClientModbusTCP	16	static
main.c:527:6:MPU_Config	24	static
main.c:571:6:HAL_TIM_PeriodElapsedCallback	16	static
main.c:588:6:Error_Handler	4	static,ignoring_inline_asm
