Archive member included to satisfy reference by file (symbol)

/opt/st/stm32cubeide_1.7.0/plugins/com.st.stm32cube.ide.mcu.externaltools.gnu-tools-for-stm32.9-2020-q2-update.linux64_2.0.0.202105311346/tools/bin/../lib/gcc/arm-none-eabi/9.3.1/../../../../arm-none-eabi/lib/thumb/v7e-m+dp/hard/libc_nano.a(lib_a-atoi.o)
                              ./Middlewares/Third_Party/LwIP/src/core/netif.o (atoi)
/opt/st/stm32cubeide_1.7.0/plugins/com.st.stm32cube.ide.mcu.externaltools.gnu-tools-for-stm32.9-2020-q2-update.linux64_2.0.0.202105311346/tools/bin/../lib/gcc/arm-none-eabi/9.3.1/../../../../arm-none-eabi/lib/thumb/v7e-m+dp/hard/libc_nano.a(lib_a-ctype_.o)
                              ./Middlewares/Third_Party/LwIP/src/core/ipv4/ip4_addr.o (_ctype_)
/opt/st/stm32cubeide_1.7.0/plugins/com.st.stm32cube.ide.mcu.externaltools.gnu-tools-for-stm32.9-2020-q2-update.linux64_2.0.0.202105311346/tools/bin/../lib/gcc/arm-none-eabi/9.3.1/../../../../arm-none-eabi/lib/thumb/v7e-m+dp/hard/libc_nano.a(lib_a-exit.o)
                              /opt/st/stm32cubeide_1.7.0/plugins/com.st.stm32cube.ide.mcu.externaltools.gnu-tools-for-stm32.9-2020-q2-update.linux64_2.0.0.202105311346/tools/bin/../lib/gcc/arm-none-eabi/9.3.1/../../../../arm-none-eabi/lib/thumb/v7e-m+dp/hard/crt0.o (exit)
/opt/st/stm32cubeide_1.7.0/plugins/com.st.stm32cube.ide.mcu.externaltools.gnu-tools-for-stm32.9-2020-q2-update.linux64_2.0.0.202105311346/tools/bin/../lib/gcc/arm-none-eabi/9.3.1/../../../../arm-none-eabi/lib/thumb/v7e-m+dp/hard/libc_nano.a(lib_a-findfp.o)
                              ./Middlewares/Third_Party/FreeRTOS/Source/tasks.o (__sf_fake_stderr)
/opt/st/stm32cubeide_1.7.0/plugins/com.st.stm32cube.ide.mcu.externaltools.gnu-tools-for-stm32.9-2020-q2-update.linux64_2.0.0.202105311346/tools/bin/../lib/gcc/arm-none-eabi/9.3.1/../../../../arm-none-eabi/lib/thumb/v7e-m+dp/hard/libc_nano.a(lib_a-fwalk.o)
                              /opt/st/stm32cubeide_1.7.0/plugins/com.st.stm32cube.ide.mcu.externaltools.gnu-tools-for-stm32.9-2020-q2-update.linux64_2.0.0.202105311346/tools/bin/../lib/gcc/arm-none-eabi/9.3.1/../../../../arm-none-eabi/lib/thumb/v7e-m+dp/hard/libc_nano.a(lib_a-findfp.o) (_fwalk)
/opt/st/stm32cubeide_1.7.0/plugins/com.st.stm32cube.ide.mcu.externaltools.gnu-tools-for-stm32.9-2020-q2-update.linux64_2.0.0.202105311346/tools/bin/../lib/gcc/arm-none-eabi/9.3.1/../../../../arm-none-eabi/lib/thumb/v7e-m+dp/hard/libc_nano.a(lib_a-impure.o)
                              /opt/st/stm32cubeide_1.7.0/plugins/com.st.stm32cube.ide.mcu.externaltools.gnu-tools-for-stm32.9-2020-q2-update.linux64_2.0.0.202105311346/tools/bin/../lib/gcc/arm-none-eabi/9.3.1/../../../../arm-none-eabi/lib/thumb/v7e-m+dp/hard/libc_nano.a(lib_a-exit.o) (_global_impure_ptr)
/opt/st/stm32cubeide_1.7.0/plugins/com.st.stm32cube.ide.mcu.externaltools.gnu-tools-for-stm32.9-2020-q2-update.linux64_2.0.0.202105311346/tools/bin/../lib/gcc/arm-none-eabi/9.3.1/../../../../arm-none-eabi/lib/thumb/v7e-m+dp/hard/libc_nano.a(lib_a-init.o)
                              /opt/st/stm32cubeide_1.7.0/plugins/com.st.stm32cube.ide.mcu.externaltools.gnu-tools-for-stm32.9-2020-q2-update.linux64_2.0.0.202105311346/tools/bin/../lib/gcc/arm-none-eabi/9.3.1/../../../../arm-none-eabi/lib/thumb/v7e-m+dp/hard/crt0.o (__libc_init_array)
/opt/st/stm32cubeide_1.7.0/plugins/com.st.stm32cube.ide.mcu.externaltools.gnu-tools-for-stm32.9-2020-q2-update.linux64_2.0.0.202105311346/tools/bin/../lib/gcc/arm-none-eabi/9.3.1/../../../../arm-none-eabi/lib/thumb/v7e-m+dp/hard/libc_nano.a(lib_a-lock.o)
                              /opt/st/stm32cubeide_1.7.0/plugins/com.st.stm32cube.ide.mcu.externaltools.gnu-tools-for-stm32.9-2020-q2-update.linux64_2.0.0.202105311346/tools/bin/../lib/gcc/arm-none-eabi/9.3.1/../../../../arm-none-eabi/lib/thumb/v7e-m+dp/hard/libc_nano.a(lib_a-findfp.o) (__retarget_lock_init_recursive)
/opt/st/stm32cubeide_1.7.0/plugins/com.st.stm32cube.ide.mcu.externaltools.gnu-tools-for-stm32.9-2020-q2-update.linux64_2.0.0.202105311346/tools/bin/../lib/gcc/arm-none-eabi/9.3.1/../../../../arm-none-eabi/lib/thumb/v7e-m+dp/hard/libc_nano.a(lib_a-memcmp.o)
                              ./Middlewares/Third_Party/LwIP/src/netif/bridgeif_fdb.o (memcmp)
/opt/st/stm32cubeide_1.7.0/plugins/com.st.stm32cube.ide.mcu.externaltools.gnu-tools-for-stm32.9-2020-q2-update.linux64_2.0.0.202105311346/tools/bin/../lib/gcc/arm-none-eabi/9.3.1/../../../../arm-none-eabi/lib/thumb/v7e-m+dp/hard/libc_nano.a(lib_a-memcpy-stub.o)
                              ./Middlewares/Third_Party/FreeRTOS/Source/CMSIS_RTOS_V2/cmsis_os2.o (memcpy)
/opt/st/stm32cubeide_1.7.0/plugins/com.st.stm32cube.ide.mcu.externaltools.gnu-tools-for-stm32.9-2020-q2-update.linux64_2.0.0.202105311346/tools/bin/../lib/gcc/arm-none-eabi/9.3.1/../../../../arm-none-eabi/lib/thumb/v7e-m+dp/hard/libc_nano.a(lib_a-memmove.o)
                              ./Middlewares/Third_Party/LwIP/src/core/def.o (memmove)
[...]
Memory Configuration

Name             Origin             Length             Attributes
FLASH            0x0000000008000000 0x0000000000200000 xr
RAM              0x0000000020000000 0x0000000000020000 xrw
RAM_D1           0x0000000024000000 0x0000000000080000 xrw
RAM_D2           0x0000000030000000 0x0000000000048000 xrw
RAM_D3           0x0000000038000000 0x0000000000010000 xrw
ITCMRAM          0x0000000000000000 0x0000000000010000 xrw
*default*        0x0000000000000000 0xffffffffffffffff

Linker script and memory map

LOAD /opt/st/stm32cubeide_1.7.0/plugins/com.st.stm32cube.ide.mcu.externaltools.gnu-tools-for-stm32.9-2020-q2-update.linux64_2.0.0.202105311346/tools/bin/../lib/gcc/arm-none-eabi/9.3.1/thumb/v7e-m+dp/hard/crti.o
LOAD /opt/st/stm32cubeide_1.7.0/plugins/com.st.stm32cube.ide.mcu.externaltools.gnu-tools-for-stm32.9-2020-q2-update.linux64_2.0.0.202105311346/tools/bin/../lib/gcc/arm-none-eabi/9.3.1/thumb/v7e-m+dp/hard/crtbegin.o
LOAD /opt/st/stm32cubeide_1.7.0/plugins/com.st.stm32cube.ide.mcu.externaltools.gnu-tools-for-stm32.9-2020-q2-update.linux64_2.0.0.202105311346/tools/bin/../lib/gcc/arm-none-eabi/9.3.1/../../../../arm-none-eabi/lib/thumb/v7e-m+dp/hard/crt0.o
LOAD ./Core/Src/freertos.o
LOAD ./Core/Src/main.o
LOAD ./Core/Src/stm32h7xx_hal_msp.o
LOAD ./Core/Src/stm32h7xx_hal_timebase_tim.o
LOAD ./Core/Src/stm32h7xx_it.o
LOAD ./Core/Src/syscalls.o
LOAD ./Core/Src/sysmem.o
LOAD ./Core/Src/system_stm32h7xx.o
LOAD ./Core/Startup/startup_stm32h743zitx.o
LOAD ./Drivers/BSP/Components/lan8742/lan8742.o
LOAD ./Drivers/STM32H7xx_HAL_Driver/Src/stm32h7xx_hal.o
LOAD ./Drivers/STM32H7xx_HAL_Driver/Src/stm32h7xx_hal_cortex.o
LOAD ./Drivers/STM32H7xx_HAL_Driver/Src/stm32h7xx_hal_dma.o
LOAD ./Drivers/STM32H7xx_HAL_Driver/Src/stm32h7xx_hal_dma_ex.o
LOAD ./Drivers/STM32H7xx_HAL_Driver/Src/stm32h7xx_hal_eth.o
LOAD ./Drivers/STM32H7xx_HAL_Driver/Src/stm32h7xx_hal_eth_ex.o
LOAD ./Drivers/STM32H7xx_HAL_Driver/Src/stm32h7xx_hal_exti.o
LOAD ./Drivers/STM32H7xx_HAL_Driver/Src/stm32h7xx_hal_flash.o
LOAD ./Drivers/STM32H7xx_HAL_Driver/Src/stm32h7xx_hal_flash_ex.o
LOAD ./Drivers/STM32H7xx_HAL_Driver/Src/stm32h7xx_hal_gpio.o
LOAD ./Drivers/STM32H7xx_HAL_Driver/Src/stm32h7xx_hal_hsem.o
LOAD ./Drivers/STM32H7xx_HAL_Driver/Src/stm32h7xx_hal_i2c.o
LOAD ./Drivers/STM32H7xx_HAL_Driver/Src/stm32h7xx_hal_i2c_ex.o
LOAD ./Drivers/STM32H7xx_HAL_Driver/Src/stm32h7xx_hal_mdma.o
LOAD ./Drivers/STM32H7xx_HAL_Driver/Src/stm32h7xx_hal_pwr.o
LOAD ./Drivers/STM32H7xx_HAL_Driver/Src/stm32h7xx_hal_pwr_ex.o
LOAD ./Drivers/STM32H7xx_HAL_Driver/Src/stm32h7xx_hal_rcc.o
LOAD ./Drivers/STM32H7xx_HAL_Driver/Src/stm32h7xx_hal_rcc_ex.o
LOAD ./Drivers/STM32H7xx_HAL_Driver/Src/stm32h7xx_hal_tim.o
LOAD ./Drivers/STM32H7xx_HAL_Driver/Src/stm32h7xx_hal_tim_ex.o
LOAD ./LWIP/App/lwip.o
LOAD ./LWIP/Target/ethernetif.o
LOAD ./Middlewares/Third_Party/FreeRTOS/Source/CMSIS_RTOS_V2/cmsis_os2.o
LOAD ./Middlewares/Third_Party/FreeRTOS/Source/croutine.o
LOAD ./Middlewares/Third_Party/FreeRTOS/Source/event_groups.o
LOAD ./Middlewares/Third_Party/FreeRTOS/Source/list.o
LOAD ./Middlewares/Third_Party/FreeRTOS/Source/queue.o
LOAD ./Middlewares/Third_Party/FreeRTOS/Source/stream_buffer.o
LOAD ./Middlewares/Third_Party/FreeRTOS/Source/tasks.o
LOAD ./Middlewares/Third_Party/FreeRTOS/Source/timers.o
LOAD ./Middlewares/Third_Party/FreeRTOS/Source/portable/GCC/ARM_CM4F/port.o
LOAD ./Middlewares/Third_Party/FreeRTOS/Source/portable/MemMang/heap_4.o
LOAD ./Middlewares/Third_Party/LwIP/src/api/api_lib.o
LOAD ./Middlewares/Third_Party/LwIP/src/api/api_msg.o
LOAD ./Middlewares/Third_Party/LwIP/src/api/err.o
LOAD ./Middlewares/Third_Party/LwIP/src/api/if_api.o
LOAD ./Middlewares/Third_Party/LwIP/src/api/netbuf.o
LOAD ./Middlewares/Third_Party/LwIP/src/api/netdb.o
LOAD ./Middlewares/Third_Party/LwIP/src/api/netifapi.o
LOAD ./Middlewares/Third_Party/LwIP/src/api/sockets.o
LOAD ./Middlewares/Third_Party/LwIP/src/api/tcpip.o
LOAD ./Middlewares/Third_Party/LwIP/src/apps/mqtt/mqtt.o
LOAD ./Middlewares/Third_Party/LwIP/src/core/altcp.o
LOAD ./Middlewares/Third_Party/LwIP/src/core/altcp_alloc.o
LOAD ./Middlewares/Third_Party/LwIP/src/core/altcp_tcp.o
LOAD ./Middlewares/Third_Party/LwIP/src/core/def.o
LOAD ./Middlewares/Third_Party/LwIP/src/core/dns.o
LOAD ./Middlewares/Third_Party/LwIP/src/core/inet_chksum.o
LOAD ./Middlewares/Third_Party/LwIP/src/core/init.o
LOAD ./Middlewares/Third_Party/LwIP/src/core/ip.o
LOAD ./Middlewares/Third_Party/LwIP/src/core/mem.o
LOAD ./Middlewares/Third_Party/LwIP/src/core/memp.o
LOAD ./Middlewares/Third_Party/LwIP/src/core/netif.o
LOAD ./Middlewares/Third_Party/LwIP/src/core/pbuf.o
LOAD ./Middlewares/Third_Party/LwIP/src/core/raw.o
LOAD ./Middlewares/Third_Party/LwIP/src/core/stats.o
LOAD ./Middlewares/Third_Party/LwIP/src/core/sys.o
LOAD ./Middlewares/Third_Party/LwIP/src/core/tcp.o
LOAD ./Middlewares/Third_Party/LwIP/src/core/tcp_in.o
LOAD ./Middlewares/Third_Party/LwIP/src/core/tcp_out.o
LOAD ./Middlewares/Third_Party/LwIP/src/core/timeouts.o
LOAD ./Middlewares/Third_Party/LwIP/src/core/udp.o
LOAD ./Middlewares/Third_Party/LwIP/src/core/ipv4/autoip.o
LOAD ./Middlewares/Third_Party/LwIP/src/core/ipv4/dhcp.o
LOAD ./Middlewares/Third_Party/LwIP/src/core/ipv4/etharp.o
LOAD ./Middlewares/Third_Party/LwIP/src/core/ipv4/icmp.o
LOAD ./Middlewares/Third_Party/LwIP/src/core/ipv4/igmp.o
LOAD ./Middlewares/Third_Party/LwIP/src/core/ipv4/ip4.o
LOAD ./Middlewares/Third_Party/LwIP/src/core/ipv4/ip4_addr.o
LOAD ./Middlewares/Third_Party/LwIP/src/core/ipv4/ip4_frag.o
LOAD ./Middlewares/Third_Party/LwIP/src/core/ipv6/dhcp6.o
LOAD ./Middlewares/Third_Party/LwIP/src/core/ipv6/ethip6.o
LOAD ./Middlewares/Third_Party/LwIP/src/core/ipv6/icmp6.o
LOAD ./Middlewares/Third_Party/LwIP/src/core/ipv6/inet6.o
LOAD ./Middlewares/Third_Party/LwIP/src/core/ipv6/ip6.o
LOAD ./Middlewares/Third_Party/LwIP/src/core/ipv6/ip6_addr.o
LOAD ./Middlewares/Third_Party/LwIP/src/core/ipv6/ip6_frag.o
LOAD ./Middlewares/Third_Party/LwIP/src/core/ipv6/mld6.o
LOAD ./Middlewares/Third_Party/LwIP/src/core/ipv6/nd6.o
LOAD ./Middlewares/Third_Party/LwIP/src/netif/bridgeif.o
LOAD ./Middlewares/Third_Party/LwIP/src/netif/bridgeif_fdb.o
LOAD ./Middlewares/Third_Party/LwIP/src/netif/ethernet.o
LOAD ./Middlewares/Third_Party/LwIP/src/netif/lowpan6.o
LOAD ./Middlewares/Third_Party/LwIP/src/netif/lowpan6_ble.o
LOAD ./Middlewares/Third_Party/LwIP/src/netif/lowpan6_common.o
LOAD ./Middlewares/Third_Party/LwIP/src/netif/slipif.o
LOAD ./Middlewares/Third_Party/LwIP/src/netif/zepif.o
LOAD ./Middlewares/Third_Party/LwIP/src/netif/ppp/auth.o
LOAD ./Middlewares/Third_Party/LwIP/src/netif/ppp/ccp.o
LOAD ./Middlewares/Third_Party/LwIP/src/netif/ppp/chap-md5.o
LOAD ./Middlewares/Third_Party/LwIP/src/netif/ppp/chap-new.o
LOAD ./Middlewares/Third_Party/LwIP/src/netif/ppp/chap_ms.o
LOAD ./Middlewares/Third_Party/LwIP/src/netif/ppp/demand.o
LOAD ./Middlewares/Third_Party/LwIP/src/netif/ppp/eap.o
LOAD ./Middlewares/Third_Party/LwIP/src/netif/ppp/ecp.o
LOAD ./Middlewares/Third_Party/LwIP/src/netif/ppp/eui64.o
LOAD ./Middlewares/Third_Party/LwIP/src/netif/ppp/fsm.o
LOAD ./Middlewares/Third_Party/LwIP/src/netif/ppp/ipcp.o
LOAD ./Middlewares/Third_Party/LwIP/src/netif/ppp/ipv6cp.o
LOAD ./Middlewares/Third_Party/LwIP/src/netif/ppp/lcp.o
LOAD ./Middlewares/Third_Party/LwIP/src/netif/ppp/magic.o
LOAD ./Middlewares/Third_Party/LwIP/src/netif/ppp/mppe.o
LOAD ./Middlewares/Third_Party/LwIP/src/netif/ppp/multilink.o
LOAD ./Middlewares/Third_Party/LwIP/src/netif/ppp/ppp.o
LOAD ./Middlewares/Third_Party/LwIP/src/netif/ppp/pppapi.o
LOAD ./Middlewares/Third_Party/LwIP/src/netif/ppp/pppcrypt.o
LOAD ./Middlewares/Third_Party/LwIP/src/netif/ppp/pppoe.o
LOAD ./Middlewares/Third_Party/LwIP/src/netif/ppp/pppol2tp.o
LOAD ./Middlewares/Third_Party/LwIP/src/netif/ppp/pppos.o
LOAD ./Middlewares/Third_Party/LwIP/src/netif/ppp/upap.o
LOAD ./Middlewares/Third_Party/LwIP/src/netif/ppp/utils.o
LOAD ./Middlewares/Third_Party/LwIP/src/netif/ppp/vj.o
LOAD ./Middlewares/Third_Party/LwIP/system/OS/sys_arch.o
START GROUP
LOAD /opt/st/stm32cubeide_1.7.0/plugins/com.st.stm32cube.ide.mcu.externaltools.gnu-tools-for-stm32.9-2020-q2-update.linux64_2.0.0.202105311346/tools/bin/../lib/gcc/arm-none-eabi/9.3.1/../../../../arm-none-eabi/lib/thumb/v7e-m+dp/hard/libc_nano.a
LOAD /opt/st/stm32cubeide_1.7.0/plugins/com.st.stm32cube.ide.mcu.externaltools.gnu-tools-for-stm32.9-2020-q2-update.linux64_2.0.0.202105311346/tools/bin/../lib/gcc/arm-none-eabi/9.3.1/../../../../arm-none-eabi/lib/thumb/v7e-m+dp/hard/libm.a
END GROUP
START GROUP
LOAD /opt/st/stm32cubeide_1.7.0/plugins/com.st.stm32cube.ide.mcu.externaltools.gnu-tools-for-stm32.9-2020-q2-update.linux64_2.0.0.202105311346/tools/bin/../lib/gcc/arm-none-eabi/9.3.1/thumb/v7e-m+dp/hard/libgcc.a
LOAD /opt/st/stm32cubeide_1.7.0/plugins/com.st.stm32cube.ide.mcu.externaltools.gnu-tools-for-stm32.9-2020-q2-update.linux64_2.0.0.202105311346/tools/bin/../lib/gcc/arm-none-eabi/9.3.1/../../../../arm-none-eabi/lib/thumb/v7e-m+dp/hard/libc_nano.a
END GROUP
START GROUP
LOAD /opt/st/stm32cubeide_1.7.0/plugins/com.st.stm32cube.ide.mcu.externaltools.gnu-tools-for-stm32.9-2020-q2-update.linux64_2.0.0.202105311346/tools/bin/../lib/gcc/arm-none-eabi/9.3.1/thumb/v7e-m+dp/hard/libgcc.a
LOAD /opt/st/stm32cubeide_1.7.0/plugins/com.st.stm32cube.ide.mcu.externaltools.gnu-tools-for-stm32.9-2020-q2-update.linux64_2.0.0.202105311346/tools/bin/../lib/gcc/arm-none-eabi/9.3.1/../../../../arm-none-eabi/lib/thumb/v7e-m+dp/hard/libc_nano.a
LOAD /opt/st/stm32cubeide_1.7.0/plugins/com.st.stm32cube.ide.mcu.externaltools.gnu-tools-for-stm32.9-2020-q2-update.linux64_2.0.0.202105311346/tools/bin/../lib/gcc/arm-none-eabi/9.3.1/../../../../arm-none-eabi/lib/thumb/v7e-m+dp/hard/libnosys.a
END GROUP
START GROUP
LOAD /opt/st/stm32cubeide_1.7.0/plugins/com.st.stm32cube.ide.mcu.externaltools.gnu-tools-for-stm32.9-2020-q2-update.linux64_2.0.0.202105311346/tools/bin/../lib/gcc/arm-none-eabi/9.3.1/thumb/v7e-m+dp/hard/libgcc.a
LOAD /opt/st/stm32cubeide_1.7.0/plugins/com.st.stm32cube.ide.mcu.externaltools.gnu-tools-for-stm32.9-2020-q2-update.linux64_2.0.0.202105311346/tools/bin/../lib/gcc/arm-none-eabi/9.3.1/../../../../arm-none-eabi/lib/thumb/v7e-m+dp/hard/libc_nano.a
LOAD /opt/st/stm32cubeide_1.7.0/plugins/com.st.stm32cube.ide.mcu.externaltools.gnu-tools-for-stm32.9-2020-q2-update.linux64_2.0.0.202105311346/tools/bin/../lib/gcc/arm-none-eabi/9.3.1/../../../../arm-none-eabi/lib/thumb/v7e-m+dp/hard/libnosys.a
END GROUP
LOAD /opt/st/stm32cubeide_1.7.0/plugins/com.st.stm32cube.ide.mcu.externaltools.gnu-tools-for-stm32.9-2020-q2-update.linux64_2.0.0.202105311346/tools/bin/../lib/gcc/arm-none-eabi/9.3.1/thumb/v7e-m+dp/hard/crtend.o
LOAD /opt/st/stm32cubeide_1.7.0/plugins/com.st.stm32cube.ide.mcu.externaltools.gnu-tools-for-stm32.9-2020-q2-update.linux64_2.0.0.202105311346/tools/bin/../lib/gcc/arm-none-eabi/9.3.1/thumb/v7e-m+dp/hard/crtn.o
                0x0000000024080000                _estack = 0x24080000
                0x0000000000000200                _Min_Heap_Size = 0x200
                0x0000000000000400                _Min_Stack_Size = 0x400

.isr_vector     0x0000000008000000      0x298
                0x0000000008000000                . = ALIGN (0x4)
 *(.isr_vector)
 .isr_vector    0x0000000008000000      0x298 ./Core/Startup/startup_stm32h743zitx.o
                0x0000000008000000                g_pfnVectors
                0x0000000008000298                . = ALIGN (0x4)

.text           0x00000000080002a0     0xc598
                0x00000000080002a0                . = ALIGN (0x4)
 *(.text)
 .text          0x00000000080002a0       0x40 /opt/st/stm32cubeide_1.7.0/plugins/com.st.stm32cube.ide.mcu.externaltools.gnu-tools-for-stm32.9-2020-q2-update.linux64_2.0.0.202105311346/tools/bin/../lib/gcc/arm-none-eabi/9.3.1/thumb/v7e-m+dp/hard/crtbegin.o
 .text          0x00000000080002e0       0xa0 /opt/st/stm32cubeide_1.7.0/plugins/com.st.stm32cube.ide.mcu.externaltools.gnu-tools-for-stm32.9-2020-q2-update.linux64_2.0.0.202105311346/tools/bin/../lib/gcc/arm-none-eabi/9.3.1/../../../../arm-none-eabi/lib/thumb/v7e-m+dp/hard/libc_nano.a(lib_a-memchr.o)
                0x00000000080002e0                memchr
 *(.text*)
 .text.StartDefaultTask
                0x0000000008000380       0x68 ./Core/Src/main.o
                0x0000000008000380                StartDefaultTask
 .text.SystemClock_Config
                0x00000000080003e8       0xb8 ./Core/Src/main.o
                0x00000000080003e8                SystemClock_Config
 .text.startup.main
                0x00000000080004a0      0x290 ./Core/Src/main.o
                0x00000000080004a0                main
 .text.HAL_TIM_PeriodElapsedCallback
                0x0000000008000730       0x14 ./Core/Src/main.o
                0x0000000008000730                HAL_TIM_PeriodElapsedCallback
 .text.Error_Handler
                0x0000000008000744        0x4 ./Core/Src/main.o
                0x0000000008000744                Error_Handler
 .text.HAL_MspInit
                0x0000000008000748       0x30 ./Core/Src/stm32h7xx_hal_msp.o
                0x0000000008000748                HAL_MspInit
 .text.HAL_InitTick
                0x0000000008000778       0x98 ./Core/Src/stm32h7xx_hal_timebase_tim.o
                0x0000000008000778                HAL_InitTick
 .text.NMI_Handler
                0x0000000008000810        0x2 ./Core/Src/stm32h7xx_it.o
                0x0000000008000810                NMI_Handler
 .text.HardFault_Handler
                0x0000000008000812        0x2 ./Core/Src/stm32h7xx_it.o
                0x0000000008000812                HardFault_Handler
 .text.MemManage_Handler
                0x0000000008000814        0x2 ./Core/Src/stm32h7xx_it.o
                0x0000000008000814                MemManage_Handler
 .text.BusFault_Handler
                0x0000000008000816        0x2 ./Core/Src/stm32h7xx_it.o
                0x0000000008000816                BusFault_Handler
 .text.UsageFault_Handler
                0x0000000008000818        0x2 ./Core/Src/stm32h7xx_it.o
                0x0000000008000818                UsageFault_Handler
 .text.DebugMon_Handler
                0x000000000800081a        0x2 ./Core/Src/stm32h7xx_it.o
                0x000000000800081a                DebugMon_Handler
 .text.TIM6_DAC_IRQHandler
                0x000000000800081c        0xc ./Core/Src/stm32h7xx_it.o
                0x000000000800081c                TIM6_DAC_IRQHandler
 .text.ETH_IRQHandler
                0x0000000008000828        0xc ./Core/Src/stm32h7xx_it.o
                0x0000000008000828                ETH_IRQHandler
 .text._getpid  0x0000000008000834        0x4 ./Core/Src/syscalls.o
                0x0000000008000834                _getpid
 .text._kill    0x0000000008000838       0x10 ./Core/Src/syscalls.o
                0x0000000008000838                _kill
 .text._exit    0x0000000008000848        0xc ./Core/Src/syscalls.o
                0x0000000008000848                _exit
 .text._read    0x0000000008000854       0x1a ./Core/Src/syscalls.o
                0x0000000008000854                _read
 .text._write   0x000000000800086e       0x1a ./Core/Src/syscalls.o
                0x000000000800086e                _write
 .text._close   0x0000000008000888        0x6 ./Core/Src/syscalls.o
                0x0000000008000888                _close
 .text._fstat   0x000000000800088e        0xa ./Core/Src/syscalls.o
                0x000000000800088e                _fstat
 .text._isatty  0x0000000008000898        0x4 ./Core/Src/syscalls.o
                0x0000000008000898                _isatty
 .text._lseek   0x000000000800089c        0x4 ./Core/Src/syscalls.o
                0x000000000800089c                _lseek
 .text._sbrk    0x00000000080008a0       0x40 ./Core/Src/sysmem.o
                0x00000000080008a0                _sbrk
 .text.SystemInit
                0x00000000080008e0       0xc8 ./Core/Src/system_stm32h7xx.o
                0x00000000080008e0                SystemInit
 .text.Reset_Handler
                0x00000000080009a8       0x50 ./Core/Startup/startup_stm32h743zitx.o
                0x00000000080009a8                Reset_Handler
 .text.Default_Handler
                0x00000000080009f8        0x2 ./Core/Startup/startup_stm32h743zitx.o
                0x00000000080009f8                RTC_Alarm_IRQHandler
                0x00000000080009f8                EXTI2_IRQHandler
                0x00000000080009f8                TIM8_CC_IRQHandler
                0x00000000080009f8                HRTIM1_Master_IRQHandler
                0x00000000080009f8                UART8_IRQHandler
                0x00000000080009f8                SPI4_IRQHandler
                0x00000000080009f8                TIM1_CC_IRQHandler
                0x00000000080009f8                BDMA_Channel6_IRQHandler
                0x00000000080009f8                DMA2_Stream5_IRQHandler
                0x00000000080009f8                HRTIM1_FLT_IRQHandler
                0x00000000080009f8                JPEG_IRQHandler
                0x00000000080009f8                DMA1_Stream5_IRQHandler
                0x00000000080009f8                BDMA_Channel1_IRQHandler
                0x00000000080009f8                HRTIM1_TIMD_IRQHandler
                0x00000000080009f8                TAMP_STAMP_IRQHandler
                0x00000000080009f8                EXTI3_IRQHandler
                0x00000000080009f8                LPTIM4_IRQHandler
                0x00000000080009f8                TIM8_TRG_COM_TIM14_IRQHandler
                0x00000000080009f8                LPTIM2_IRQHandler
                0x00000000080009f8                DFSDM1_FLT1_IRQHandler
                0x00000000080009f8                DMAMUX2_OVR_IRQHandler
                0x00000000080009f8                TIM8_UP_TIM13_IRQHandler
                0x00000000080009f8                I2C3_ER_IRQHandler
                0x00000000080009f8                DFSDM1_FLT2_IRQHandler
                0x00000000080009f8                MDMA_IRQHandler
                0x00000000080009f8                LPTIM3_IRQHandler
                0x00000000080009f8                HSEM1_IRQHandler
                0x00000000080009f8                EXTI0_IRQHandler
                0x00000000080009f8                I2C2_EV_IRQHandler
                0x00000000080009f8                DMA1_Stream2_IRQHandler
                0x00000000080009f8                FPU_IRQHandler
                0x00000000080009f8                OTG_HS_WKUP_IRQHandler
                0x00000000080009f8                FDCAN1_IT1_IRQHandler
                0x00000000080009f8                LTDC_ER_IRQHandler
                0x00000000080009f8                DMA2_Stream2_IRQHandler
                0x00000000080009f8                HRTIM1_TIME_IRQHandler
                0x00000000080009f8                SPI1_IRQHandler
                0x00000000080009f8                DCMI_IRQHandler
                0x00000000080009f8                HRTIM1_TIMC_IRQHandler
                0x00000000080009f8                DMA2_Stream3_IRQHandler
                0x00000000080009f8                SAI2_IRQHandler
                0x00000000080009f8                DFSDM1_FLT3_IRQHandler
                0x00000000080009f8                USART6_IRQHandler
                0x00000000080009f8                TIM17_IRQHandler
                0x00000000080009f8                USART3_IRQHandler
                0x00000000080009f8                BDMA_Channel7_IRQHandler
                0x00000000080009f8                LPTIM5_IRQHandler
                0x00000000080009f8                UART5_IRQHandler
                0x00000000080009f8                ADC3_IRQHandler
                0x00000000080009f8                DMA2_Stream0_IRQHandler
                0x00000000080009f8                TIM4_IRQHandler
                0x00000000080009f8                BDMA_Channel2_IRQHandler
                0x00000000080009f8                QUADSPI_IRQHandler
                0x00000000080009f8                I2C1_EV_IRQHandler
                0x00000000080009f8                DMA1_Stream6_IRQHandler
                0x00000000080009f8                DMAMUX1_OVR_IRQHandler
                0x00000000080009f8                DMA1_Stream1_IRQHandler
                0x00000000080009f8                TIM16_IRQHandler
                0x00000000080009f8                UART4_IRQHandler
                0x00000000080009f8                BDMA_Channel5_IRQHandler
                0x00000000080009f8                TIM3_IRQHandler
                0x00000000080009f8                RCC_IRQHandler
                0x00000000080009f8                TIM8_BRK_TIM12_IRQHandler
                0x00000000080009f8                TIM1_TRG_COM_IRQHandler
                0x00000000080009f8                Default_Handler
                0x00000000080009f8                ECC_IRQHandler
                0x00000000080009f8                CEC_IRQHandler
                0x00000000080009f8                EXTI15_10_IRQHandler
                0x00000000080009f8                BDMA_Channel0_IRQHandler
                0x00000000080009f8                ADC_IRQHandler
                0x00000000080009f8                DMA1_Stream7_IRQHandler
                0x00000000080009f8                HRTIM1_TIMA_IRQHandler
                0x00000000080009f8                SPI5_IRQHandler
                0x00000000080009f8                TIM7_IRQHandler
                0x00000000080009f8                SDMMC1_IRQHandler
                0x00000000080009f8                TIM5_IRQHandler
                0x00000000080009f8                DMA2_Stream7_IRQHandler
                0x00000000080009f8                TIM15_IRQHandler
                0x00000000080009f8                PVD_AVD_IRQHandler
                0x00000000080009f8                I2C3_EV_IRQHandler
                0x00000000080009f8                EXTI9_5_IRQHandler
                0x00000000080009f8                RTC_WKUP_IRQHandler
                0x00000000080009f8                LTDC_IRQHandler
                0x00000000080009f8                SAI3_IRQHandler
                0x00000000080009f8                ETH_WKUP_IRQHandler
                0x00000000080009f8                SPDIF_RX_IRQHandler
                0x00000000080009f8                SPI2_IRQHandler
                0x00000000080009f8                OTG_HS_EP1_IN_IRQHandler
                0x00000000080009f8                DMA1_Stream0_IRQHandler
                0x00000000080009f8                CRS_IRQHandler
                0x00000000080009f8                EXTI4_IRQHandler
                0x00000000080009f8                RNG_IRQHandler
                0x00000000080009f8                HRTIM1_TIMB_IRQHandler
                0x00000000080009f8                FDCAN2_IT1_IRQHandler
                0x00000000080009f8                TIM1_UP_IRQHandler
                0x00000000080009f8                BDMA_Channel4_IRQHandler
                0x00000000080009f8                OTG_HS_EP1_OUT_IRQHandler
                0x00000000080009f8                WWDG_IRQHandler
                0x00000000080009f8                SPI6_IRQHandler
                0x00000000080009f8                MDIOS_IRQHandler
                0x00000000080009f8                I2C4_EV_IRQHandler
                0x00000000080009f8                FDCAN2_IT0_IRQHandler
                0x00000000080009f8                LPUART1_IRQHandler
                0x00000000080009f8                FDCAN1_IT0_IRQHandler
                0x00000000080009f8                TIM2_IRQHandler
                0x00000000080009f8                OTG_FS_WKUP_IRQHandler
                0x00000000080009f8                OTG_HS_IRQHandler
                0x00000000080009f8                DMA2D_IRQHandler
                0x00000000080009f8                TIM1_BRK_IRQHandler
                0x00000000080009f8                EXTI1_IRQHandler
                0x00000000080009f8                SDMMC2_IRQHandler
                0x00000000080009f8                OTG_FS_EP1_OUT_IRQHandler
                0x00000000080009f8                BDMA_Channel3_IRQHandler
                0x00000000080009f8                UART7_IRQHandler
                0x00000000080009f8                MDIOS_WKUP_IRQHandler
                0x00000000080009f8                USART2_IRQHandler
                0x00000000080009f8                DFSDM1_FLT0_IRQHandler
                0x00000000080009f8                SAI4_IRQHandler
                0x00000000080009f8                I2C2_ER_IRQHandler
                0x00000000080009f8                DMA2_Stream1_IRQHandler
                0x00000000080009f8                FLASH_IRQHandler
                0x00000000080009f8                DMA2_Stream4_IRQHandler
                0x00000000080009f8                USART1_IRQHandler
                0x00000000080009f8                OTG_FS_IRQHandler
                0x00000000080009f8                SPI3_IRQHandler
                0x00000000080009f8                WAKEUP_PIN_IRQHandler
                0x00000000080009f8                DMA1_Stream4_IRQHandler
                0x00000000080009f8                OTG_FS_EP1_IN_IRQHandler
                0x00000000080009f8                I2C1_ER_IRQHandler
                0x00000000080009f8                FMC_IRQHandler
                0x00000000080009f8                FDCAN_CAL_IRQHandler
                0x00000000080009f8                SWPMI1_IRQHandler
                0x00000000080009f8                COMP1_IRQHandler
                0x00000000080009f8                LPTIM1_IRQHandler
                0x00000000080009f8                I2C4_ER_IRQHandler
                0x00000000080009f8                DMA2_Stream6_IRQHandler
                0x00000000080009f8                SAI1_IRQHandler
                0x00000000080009f8                DMA1_Stream3_IRQHandler
 .text.LAN8742_RegisterBusIO
                0x00000000080009fa       0x28 ./Drivers/BSP/Components/lan8742/lan8742.o
                0x00000000080009fa                LAN8742_RegisterBusIO
 .text.LAN8742_Init
                0x0000000008000a22       0xc2 ./Drivers/BSP/Components/lan8742/lan8742.o
                0x0000000008000a22                LAN8742_Init
 .text.LAN8742_GetLinkState
                0x0000000008000ae4       0x94 ./Drivers/BSP/Components/lan8742/lan8742.o
                0x0000000008000ae4                LAN8742_GetLinkState
 .text.HAL_Init
                0x0000000008000b78       0x5c ./Drivers/STM32H7xx_HAL_Driver/Src/stm32h7xx_hal.o
                0x0000000008000b78                HAL_Init
 .text.HAL_IncTick
                0x0000000008000bd4       0x18 ./Drivers/STM32H7xx_HAL_Driver/Src/stm32h7xx_hal.o
                0x0000000008000bd4                HAL_IncTick
 .text.HAL_GetTick
                0x0000000008000bec        0xc ./Drivers/STM32H7xx_HAL_Driver/Src/stm32h7xx_hal.o
                0x0000000008000bec                HAL_GetTick
 .text.HAL_GetREVID
                0x0000000008000bf8        0xc ./Drivers/STM32H7xx_HAL_Driver/Src/stm32h7xx_hal.o
                0x0000000008000bf8                HAL_GetREVID
 .text.HAL_SYSCFG_ETHInterfaceSelect
                0x0000000008000c04       0x14 ./Drivers/STM32H7xx_HAL_Driver/Src/stm32h7xx_hal.o
                0x0000000008000c04                HAL_SYSCFG_ETHInterfaceSelect
 .text.HAL_NVIC_SetPriorityGrouping
                0x0000000008000c18       0x24 ./Drivers/STM32H7xx_HAL_Driver/Src/stm32h7xx_hal_cortex.o
                0x0000000008000c18                HAL_NVIC_SetPriorityGrouping
 .text.HAL_NVIC_SetPriority
                0x0000000008000c3c       0x64 ./Drivers/STM32H7xx_HAL_Driver/Src/stm32h7xx_hal_cortex.o
                0x0000000008000c3c                HAL_NVIC_SetPriority
 .text.HAL_NVIC_EnableIRQ
                0x0000000008000ca0       0x1c ./Drivers/STM32H7xx_HAL_Driver/Src/stm32h7xx_hal_cortex.o
                0x0000000008000ca0                HAL_NVIC_EnableIRQ
 .text.HAL_MPU_Disable
                0x0000000008000cbc       0x20 ./Drivers/STM32H7xx_HAL_Driver/Src/stm32h7xx_hal_cortex.o
                0x0000000008000cbc                HAL_MPU_Disable
 .text.HAL_MPU_Enable
                0x0000000008000cdc       0x24 ./Drivers/STM32H7xx_HAL_Driver/Src/stm32h7xx_hal_cortex.o
                0x0000000008000cdc                HAL_MPU_Enable
 .text.HAL_MPU_ConfigRegion
                0x0000000008000d00       0x50 ./Drivers/STM32H7xx_HAL_Driver/Src/stm32h7xx_hal_cortex.o
                0x0000000008000d00                HAL_MPU_ConfigRegion
 .text.ETH_SetMACConfig
                0x0000000008000d50      0x1b2 ./Drivers/STM32H7xx_HAL_Driver/Src/stm32h7xx_hal_eth.o
 *fill*         0x0000000008000f02        0x2 
 .text.ETH_SetDMAConfig
                0x0000000008000f04       0x90 ./Drivers/STM32H7xx_HAL_Driver/Src/stm32h7xx_hal_eth.o
 .text.ETH_Prepare_Tx_Descriptors
                0x0000000008000f94      0x300 ./Drivers/STM32H7xx_HAL_Driver/Src/stm32h7xx_hal_eth.o
 .text.HAL_ETH_DescAssignMemory
                0x0000000008001294       0x3a ./Drivers/STM32H7xx_HAL_Driver/Src/stm32h7xx_hal_eth.o
                0x0000000008001294                HAL_ETH_DescAssignMemory
 .text.HAL_ETH_Start_IT
                0x00000000080012ce       0x8a ./Drivers/STM32H7xx_HAL_Driver/Src/stm32h7xx_hal_eth.o
                0x00000000080012ce                HAL_ETH_Start_IT
 .text.HAL_ETH_Stop_IT
                0x0000000008001358       0x7c ./Drivers/STM32H7xx_HAL_Driver/Src/stm32h7xx_hal_eth.o
                0x0000000008001358                HAL_ETH_Stop_IT
 .text.HAL_ETH_Transmit
                0x00000000080013d4       0x98 ./Drivers/STM32H7xx_HAL_Driver/Src/stm32h7xx_hal_eth.o
                0x00000000080013d4                HAL_ETH_Transmit
 .text.HAL_ETH_IsRxDataAvailable
                0x000000000800146c       0xf8 ./Drivers/STM32H7xx_HAL_Driver/Src/stm32h7xx_hal_eth.o
                0x000000000800146c                HAL_ETH_IsRxDataAvailable
 .text.HAL_ETH_GetRxDataBuffer
                0x0000000008001564       0x8e ./Drivers/STM32H7xx_HAL_Driver/Src/stm32h7xx_hal_eth.o
                0x0000000008001564                HAL_ETH_GetRxDataBuffer
 .text.HAL_ETH_GetRxDataLength
                0x00000000080015f2       0x38 ./Drivers/STM32H7xx_HAL_Driver/Src/stm32h7xx_hal_eth.o
                0x00000000080015f2                HAL_ETH_GetRxDataLength
 .text.HAL_ETH_BuildRxDescriptors
                0x000000000800162a       0x7a ./Drivers/STM32H7xx_HAL_Driver/Src/stm32h7xx_hal_eth.o
                0x000000000800162a                HAL_ETH_BuildRxDescriptors
 .text.HAL_ETH_TxCpltCallback
                0x00000000080016a4        0x2 ./Drivers/STM32H7xx_HAL_Driver/Src/stm32h7xx_hal_eth.o
                0x00000000080016a4                HAL_ETH_TxCpltCallback
 .text.HAL_ETH_DMAErrorCallback
                0x00000000080016a6        0x2 ./Drivers/STM32H7xx_HAL_Driver/Src/stm32h7xx_hal_eth.o
                0x00000000080016a6                HAL_ETH_DMAErrorCallback
 .text.HAL_ETH_MACErrorCallback
                0x00000000080016a8        0x2 ./Drivers/STM32H7xx_HAL_Driver/Src/stm32h7xx_hal_eth.o
                0x00000000080016a8                HAL_ETH_MACErrorCallback
 .text.HAL_ETH_PMTCallback
                0x00000000080016aa        0x2 ./Drivers/STM32H7xx_HAL_Driver/Src/stm32h7xx_hal_eth.o
                0x00000000080016aa                HAL_ETH_PMTCallback
 .text.HAL_ETH_EEECallback
                0x00000000080016ac        0x2 ./Drivers/STM32H7xx_HAL_Driver/Src/stm32h7xx_hal_eth.o
                0x00000000080016ac                HAL_ETH_EEECallback
 .text.HAL_ETH_WakeUpCallback
                0x00000000080016ae        0x2 ./Drivers/STM32H7xx_HAL_Driver/Src/stm32h7xx_hal_eth.o
                0x00000000080016ae                HAL_ETH_WakeUpCallback
 .text.HAL_ETH_IRQHandler
                0x00000000080016b0      0x12c ./Drivers/STM32H7xx_HAL_Driver/Src/stm32h7xx_hal_eth.o
                0x00000000080016b0                HAL_ETH_IRQHandler
 .text.HAL_ETH_ReadPHYRegister
                0x00000000080017dc       0x5c ./Drivers/STM32H7xx_HAL_Driver/Src/stm32h7xx_hal_eth.o
                0x00000000080017dc                HAL_ETH_ReadPHYRegister
 .text.HAL_ETH_WritePHYRegister
                0x0000000008001838       0x64 ./Drivers/STM32H7xx_HAL_Driver/Src/stm32h7xx_hal_eth.o
                0x0000000008001838                HAL_ETH_WritePHYRegister
 .text.HAL_ETH_GetMACConfig
                0x000000000800189c      0x18c ./Drivers/STM32H7xx_HAL_Driver/Src/stm32h7xx_hal_eth.o
                0x000000000800189c                HAL_ETH_GetMACConfig
 .text.HAL_ETH_SetMACConfig
                0x0000000008001a28       0x16 ./Drivers/STM32H7xx_HAL_Driver/Src/stm32h7xx_hal_eth.o
                0x0000000008001a28                HAL_ETH_SetMACConfig
 *fill*         0x0000000008001a3e        0x2 
 .text.HAL_ETH_SetMDIOClockRange
                0x0000000008001a40       0x78 ./Drivers/STM32H7xx_HAL_Driver/Src/stm32h7xx_hal_eth.o
                0x0000000008001a40                HAL_ETH_SetMDIOClockRange
 .text.HAL_ETH_Init
                0x0000000008001ab8      0x210 ./Drivers/STM32H7xx_HAL_Driver/Src/stm32h7xx_hal_eth.o
                0x0000000008001ab8                HAL_ETH_Init
 .text.HAL_GPIO_Init
                0x0000000008001cc8      0x1cc ./Drivers/STM32H7xx_HAL_Driver/Src/stm32h7xx_hal_gpio.o
                0x0000000008001cc8                HAL_GPIO_Init
 .text.HAL_GPIO_WritePin
                0x0000000008001e94        0xa ./Drivers/STM32H7xx_HAL_Driver/Src/stm32h7xx_hal_gpio.o
                0x0000000008001e94                HAL_GPIO_WritePin
 *fill*         0x0000000008001e9e        0x2 
 .text.HAL_PWREx_ConfigSupply
                0x0000000008001ea0       0x48 ./Drivers/STM32H7xx_HAL_Driver/Src/stm32h7xx_hal_pwr_ex.o
                0x0000000008001ea0                HAL_PWREx_ConfigSupply
 .text.HAL_RCC_OscConfig
                0x0000000008001ee8      0x530 ./Drivers/STM32H7xx_HAL_Driver/Src/stm32h7xx_hal_rcc.o
                0x0000000008001ee8                HAL_RCC_OscConfig
 .text.HAL_RCC_GetSysClockFreq
                0x0000000008002418      0x140 ./Drivers/STM32H7xx_HAL_Driver/Src/stm32h7xx_hal_rcc.o
                0x0000000008002418                HAL_RCC_GetSysClockFreq
 .text.HAL_RCC_ClockConfig
                0x0000000008002558      0x24c ./Drivers/STM32H7xx_HAL_Driver/Src/stm32h7xx_hal_rcc.o
                0x0000000008002558                HAL_RCC_ClockConfig
 .text.HAL_RCC_GetHCLKFreq
                0x00000000080027a4       0x44 ./Drivers/STM32H7xx_HAL_Driver/Src/stm32h7xx_hal_rcc.o
                0x00000000080027a4                HAL_RCC_GetHCLKFreq
 .text.HAL_RCC_GetPCLK1Freq
                0x00000000080027e8       0x24 ./Drivers/STM32H7xx_HAL_Driver/Src/stm32h7xx_hal_rcc.o
                0x00000000080027e8                HAL_RCC_GetPCLK1Freq
 .text.HAL_RCC_GetClockConfig
                0x000000000800280c       0x54 ./Drivers/STM32H7xx_HAL_Driver/Src/stm32h7xx_hal_rcc.o
                0x000000000800280c                HAL_RCC_GetClockConfig
 .text.HAL_TIM_Base_MspInit
                0x0000000008002860        0x2 ./Drivers/STM32H7xx_HAL_Driver/Src/stm32h7xx_hal_tim.o
                0x0000000008002860                HAL_TIM_Base_MspInit
 *fill*         0x0000000008002862        0x2 
 .text.HAL_TIM_Base_Start_IT
                0x0000000008002864       0x74 ./Drivers/STM32H7xx_HAL_Driver/Src/stm32h7xx_hal_tim.o
                0x0000000008002864                HAL_TIM_Base_Start_IT
 .text.HAL_TIM_OC_DelayElapsedCallback
                0x00000000080028d8        0x2 ./Drivers/STM32H7xx_HAL_Driver/Src/stm32h7xx_hal_tim.o
                0x00000000080028d8                HAL_TIM_OC_DelayElapsedCallback
 .text.HAL_TIM_IC_CaptureCallback
                0x00000000080028da        0x2 ./Drivers/STM32H7xx_HAL_Driver/Src/stm32h7xx_hal_tim.o
                0x00000000080028da                HAL_TIM_IC_CaptureCallback
 .text.HAL_TIM_PWM_PulseFinishedCallback
                0x00000000080028dc        0x2 ./Drivers/STM32H7xx_HAL_Driver/Src/stm32h7xx_hal_tim.o
                0x00000000080028dc                HAL_TIM_PWM_PulseFinishedCallback
 .text.HAL_TIM_TriggerCallback
                0x00000000080028de        0x2 ./Drivers/STM32H7xx_HAL_Driver/Src/stm32h7xx_hal_tim.o
                0x00000000080028de                HAL_TIM_TriggerCallback
 .text.HAL_TIM_IRQHandler
                0x00000000080028e0      0x160 ./Drivers/STM32H7xx_HAL_Driver/Src/stm32h7xx_hal_tim.o
                0x00000000080028e0                HAL_TIM_IRQHandler
 .text.TIM_Base_SetConfig
                0x0000000008002a40       0xcc ./Drivers/STM32H7xx_HAL_Driver/Src/stm32h7xx_hal_tim.o
                0x0000000008002a40                TIM_Base_SetConfig
 .text.HAL_TIM_Base_Init
                0x0000000008002b0c       0x60 ./Drivers/STM32H7xx_HAL_Driver/Src/stm32h7xx_hal_tim.o
                0x0000000008002b0c                HAL_TIM_Base_Init
 .text.HAL_TIMEx_CommutCallback
                0x0000000008002b6c        0x2 ./Drivers/STM32H7xx_HAL_Driver/Src/stm32h7xx_hal_tim_ex.o
                0x0000000008002b6c                HAL_TIMEx_CommutCallback
 .text.HAL_TIMEx_BreakCallback
                0x0000000008002b6e        0x2 ./Drivers/STM32H7xx_HAL_Driver/Src/stm32h7xx_hal_tim_ex.o
                0x0000000008002b6e                HAL_TIMEx_BreakCallback
 .text.HAL_TIMEx_Break2Callback
                0x0000000008002b70        0x2 ./Drivers/STM32H7xx_HAL_Driver/Src/stm32h7xx_hal_tim_ex.o
                0x0000000008002b70                HAL_TIMEx_Break2Callback
 .text.ethernet_link_status_updated
                0x0000000008002b72        0x2 ./LWIP/App/lwip.o
 .text.MX_LWIP_Init
                0x0000000008002b74       0xe0 ./LWIP/App/lwip.o
                0x0000000008002b74                MX_LWIP_Init
 .text.ETH_PHY_IO_DeInit
                0x0000000008002c54        0x4 ./LWIP/Target/ethernetif.o
                0x0000000008002c54                ETH_PHY_IO_DeInit
 .text.low_level_output
                0x0000000008002c58       0x5c ./LWIP/Target/ethernetif.o
 .text.pbuf_free_custom
                0x0000000008002cb4        0xc ./LWIP/Target/ethernetif.o
                0x0000000008002cb4                pbuf_free_custom
 .text.ETH_PHY_IO_GetTick
                0x0000000008002cc0        0x4 ./LWIP/Target/ethernetif.o
                0x0000000008002cc0                ETH_PHY_IO_GetTick
 .text.ETH_PHY_IO_Init
                0x0000000008002cc4       0x10 ./LWIP/Target/ethernetif.o
                0x0000000008002cc4                ETH_PHY_IO_Init
 .text.ETH_PHY_IO_ReadReg
                0x0000000008002cd4       0x1c ./LWIP/Target/ethernetif.o
                0x0000000008002cd4                ETH_PHY_IO_ReadReg
 .text.ETH_PHY_IO_WriteReg
                0x0000000008002cf0       0x1c ./LWIP/Target/ethernetif.o
                0x0000000008002cf0                ETH_PHY_IO_WriteReg
 .text.ethernetif_input
                0x0000000008002d0c       0xc8 ./LWIP/Target/ethernetif.o
                0x0000000008002d0c                ethernetif_input
 .text.HAL_ETH_MspInit
                0x0000000008002dd4      0x14c ./LWIP/Target/ethernetif.o
                0x0000000008002dd4                HAL_ETH_MspInit
 .text.HAL_ETH_RxCpltCallback
                0x0000000008002f20        0xc ./LWIP/Target/ethernetif.o
                0x0000000008002f20                HAL_ETH_RxCpltCallback
 .text.ethernetif_init
                0x0000000008002f2c      0x1c4 ./LWIP/Target/ethernetif.o
                0x0000000008002f2c                ethernetif_init
 .text.sys_now  0x00000000080030f0        0x4 ./LWIP/Target/ethernetif.o
                0x00000000080030f0                sys_now
 .text.ethernet_link_thread
                0x00000000080030f4       0x9c ./LWIP/Target/ethernetif.o
                0x00000000080030f4                ethernet_link_thread
 .text.SysTick_Handler
                0x0000000008003190       0x1c ./Middlewares/Third_Party/FreeRTOS/Source/CMSIS_RTOS_V2/cmsis_os2.o
                0x0000000008003190                SysTick_Handler
 .text.osKernelInitialize
                0x00000000080031ac       0x24 ./Middlewares/Third_Party/FreeRTOS/Source/CMSIS_RTOS_V2/cmsis_os2.o
                0x00000000080031ac                osKernelInitialize
 .text.osKernelStart
                0x00000000080031d0       0x34 ./Middlewares/Third_Party/FreeRTOS/Source/CMSIS_RTOS_V2/cmsis_os2.o
                0x00000000080031d0                osKernelStart
 .text.osKernelGetTickCount
                0x0000000008003204        0xe ./Middlewares/Third_Party/FreeRTOS/Source/CMSIS_RTOS_V2/cmsis_os2.o
                0x0000000008003204                osKernelGetTickCount
 .text.osThreadNew
                0x0000000008003212       0x96 ./Middlewares/Third_Party/FreeRTOS/Source/CMSIS_RTOS_V2/cmsis_os2.o
                0x0000000008003212                osThreadNew
 .text.osDelay  0x00000000080032a8       0x18 ./Middlewares/Third_Party/FreeRTOS/Source/CMSIS_RTOS_V2/cmsis_os2.o
                0x00000000080032a8                osDelay
 .text.osMutexNew
                0x00000000080032c0       0x6a ./Middlewares/Third_Party/FreeRTOS/Source/CMSIS_RTOS_V2/cmsis_os2.o
                0x00000000080032c0                osMutexNew
 .text.osMutexAcquire
                0x000000000800332a       0x44 ./Middlewares/Third_Party/FreeRTOS/Source/CMSIS_RTOS_V2/cmsis_os2.o
                0x000000000800332a                osMutexAcquire
 .text.osMutexRelease
                0x000000000800336e       0x3c ./Middlewares/Third_Party/FreeRTOS/Source/CMSIS_RTOS_V2/cmsis_os2.o
                0x000000000800336e                osMutexRelease
 .text.osSemaphoreNew
                0x00000000080033aa       0x94 ./Middlewares/Third_Party/FreeRTOS/Source/CMSIS_RTOS_V2/cmsis_os2.o
                0x00000000080033aa                osSemaphoreNew
 *fill*         0x000000000800343e        0x2 
 .text.osSemaphoreAcquire
                0x0000000008003440       0x58 ./Middlewares/Third_Party/FreeRTOS/Source/CMSIS_RTOS_V2/cmsis_os2.o
                0x0000000008003440                osSemaphoreAcquire
 .text.osSemaphoreRelease
                0x0000000008003498       0x50 ./Middlewares/Third_Party/FreeRTOS/Source/CMSIS_RTOS_V2/cmsis_os2.o
                0x0000000008003498                osSemaphoreRelease
 .text.osMessageQueueNew
                0x00000000080034e8       0x76 ./Middlewares/Third_Party/FreeRTOS/Source/CMSIS_RTOS_V2/cmsis_os2.o
                0x00000000080034e8                osMessageQueueNew
 *fill*         0x000000000800355e        0x2 
 .text.osMessageQueuePut
                0x0000000008003560       0x60 ./Middlewares/Third_Party/FreeRTOS/Source/CMSIS_RTOS_V2/cmsis_os2.o
                0x0000000008003560                osMessageQueuePut
 .text.osMessageQueueGet
                0x00000000080035c0       0x60 ./Middlewares/Third_Party/FreeRTOS/Source/CMSIS_RTOS_V2/cmsis_os2.o
                0x00000000080035c0                osMessageQueueGet
 .text.vApplicationGetIdleTaskMemory
                0x0000000008003620       0x18 ./Middlewares/Third_Party/FreeRTOS/Source/CMSIS_RTOS_V2/cmsis_os2.o
                0x0000000008003620                vApplicationGetIdleTaskMemory
 .text.vApplicationGetTimerTaskMemory
                0x0000000008003638       0x18 ./Middlewares/Third_Party/FreeRTOS/Source/CMSIS_RTOS_V2/cmsis_os2.o
                0x0000000008003638                vApplicationGetTimerTaskMemory
 .text.vListInitialise
                0x0000000008003650       0x16 ./Middlewares/Third_Party/FreeRTOS/Source/list.o
                0x0000000008003650                vListInitialise
 .text.vListInitialiseItem
                0x0000000008003666        0x6 ./Middlewares/Third_Party/FreeRTOS/Source/list.o
                0x0000000008003666                vListInitialiseItem
 .text.vListInsertEnd
                0x000000000800366c       0x18 ./Middlewares/Third_Party/FreeRTOS/Source/list.o
                0x000000000800366c                vListInsertEnd
 .text.vListInsert
                0x0000000008003684       0x2e ./Middlewares/Third_Party/FreeRTOS/Source/list.o
                0x0000000008003684                vListInsert
 .text.uxListRemove
                0x00000000080036b2       0x20 ./Middlewares/Third_Party/FreeRTOS/Source/list.o
                0x00000000080036b2                uxListRemove
 .text.prvIsQueueEmpty
                0x00000000080036d2       0x16 ./Middlewares/Third_Party/FreeRTOS/Source/queue.o
 .text.prvCopyDataToQueue
                0x00000000080036e8       0x6a ./Middlewares/Third_Party/FreeRTOS/Source/queue.o
 .text.prvCopyDataFromQueue
                0x0000000008003752       0x2a ./Middlewares/Third_Party/FreeRTOS/Source/queue.o
 .text.prvUnlockQueue
                0x000000000800377c       0x70 ./Middlewares/Third_Party/FreeRTOS/Source/queue.o
 .text.xQueueGenericReset
                0x00000000080037ec       0x80 ./Middlewares/Third_Party/FreeRTOS/Source/queue.o
                0x00000000080037ec                xQueueGenericReset
 .text.xQueueGenericCreateStatic
                0x000000000800386c       0x9c ./Middlewares/Third_Party/FreeRTOS/Source/queue.o
                0x000000000800386c                xQueueGenericCreateStatic
 .text.xQueueGenericCreate
                0x0000000008003908       0x4e ./Middlewares/Third_Party/FreeRTOS/Source/queue.o
                0x0000000008003908                xQueueGenericCreate
 .text.xQueueCreateCountingSemaphoreStatic
                0x0000000008003956       0x44 ./Middlewares/Third_Party/FreeRTOS/Source/queue.o
                0x0000000008003956                xQueueCreateCountingSemaphoreStatic
 .text.xQueueCreateCountingSemaphore
                0x000000000800399a       0x3c ./Middlewares/Third_Party/FreeRTOS/Source/queue.o
                0x000000000800399a                xQueueCreateCountingSemaphore
 *fill*         0x00000000080039d6        0x2 
 .text.xQueueGenericSend
                0x00000000080039d8      0x164 ./Middlewares/Third_Party/FreeRTOS/Source/queue.o
                0x00000000080039d8                xQueueGenericSend
 .text.xQueueCreateMutexStatic
                0x0000000008003b3c       0x2a ./Middlewares/Third_Party/FreeRTOS/Source/queue.o
                0x0000000008003b3c                xQueueCreateMutexStatic
 .text.xQueueGiveMutexRecursive
                0x0000000008003b66       0x3c ./Middlewares/Third_Party/FreeRTOS/Source/queue.o
                0x0000000008003b66                xQueueGiveMutexRecursive
 .text.xQueueCreateMutex
                0x0000000008003ba2       0x3a ./Middlewares/Third_Party/FreeRTOS/Source/queue.o
                0x0000000008003ba2                xQueueCreateMutex
 .text.xQueueGenericSendFromISR
                0x0000000008003bdc       0xc4 ./Middlewares/Third_Party/FreeRTOS/Source/queue.o
                0x0000000008003bdc                xQueueGenericSendFromISR
 .text.xQueueGiveFromISR
                0x0000000008003ca0       0xa8 ./Middlewares/Third_Party/FreeRTOS/Source/queue.o
                0x0000000008003ca0                xQueueGiveFromISR
 .text.xQueueReceive
                0x0000000008003d48      0x140 ./Middlewares/Third_Party/FreeRTOS/Source/queue.o
                0x0000000008003d48                xQueueReceive
 .text.xQueueSemaphoreTake
                0x0000000008003e88      0x188 ./Middlewares/Third_Party/FreeRTOS/Source/queue.o
                0x0000000008003e88                xQueueSemaphoreTake
 .text.xQueueTakeMutexRecursive
                0x0000000008004010       0x44 ./Middlewares/Third_Party/FreeRTOS/Source/queue.o
                0x0000000008004010                xQueueTakeMutexRecursive
 .text.xQueueReceiveFromISR
                0x0000000008004054       0x9e ./Middlewares/Third_Party/FreeRTOS/Source/queue.o
                0x0000000008004054                xQueueReceiveFromISR
 *fill*         0x00000000080040f2        0x2 
 .text.vQueueAddToRegistry
                0x00000000080040f4       0x24 ./Middlewares/Third_Party/FreeRTOS/Source/queue.o
                0x00000000080040f4                vQueueAddToRegistry
 .text.vQueueUnregisterQueue
                0x0000000008004118       0x30 ./Middlewares/Third_Party/FreeRTOS/Source/queue.o
                0x0000000008004118                vQueueUnregisterQueue
 .text.vQueueDelete
                0x0000000008004148       0x2a ./Middlewares/Third_Party/FreeRTOS/Source/queue.o
                0x0000000008004148                vQueueDelete
 .text.vQueueWaitForMessageRestricted
                0x0000000008004172       0x46 ./Middlewares/Third_Party/FreeRTOS/Source/queue.o
                0x0000000008004172                vQueueWaitForMessageRestricted
 .text.prvAddNewTaskToReadyList
                0x00000000080041b8       0xfc ./Middlewares/Third_Party/FreeRTOS/Source/tasks.o
 .text.prvResetNextTaskUnblockTime
                0x00000000080042b4       0x24 ./Middlewares/Third_Party/FreeRTOS/Source/tasks.o
 .text.prvInitialiseNewTask.isra.0
                0x00000000080042d8       0xc4 ./Middlewares/Third_Party/FreeRTOS/Source/tasks.o
 .text.prvDeleteTCB
                0x000000000800439c       0x3c ./Middlewares/Third_Party/FreeRTOS/Source/tasks.o
 .text.prvIdleTask
                0x00000000080043d8       0x64 ./Middlewares/Third_Party/FreeRTOS/Source/tasks.o
 .text.prvAddCurrentTaskToDelayedList
                0x000000000800443c       0x74 ./Middlewares/Third_Party/FreeRTOS/Source/tasks.o
 .text.xTaskCreateStatic
                0x00000000080044b0       0x70 ./Middlewares/Third_Party/FreeRTOS/Source/tasks.o
                0x00000000080044b0                xTaskCreateStatic
 .text.xTaskCreate
                0x0000000008004520       0x5a ./Middlewares/Third_Party/FreeRTOS/Source/tasks.o
                0x0000000008004520                xTaskCreate
 *fill*         0x000000000800457a        0x2 
 .text.vTaskStartScheduler
                0x000000000800457c       0x98 ./Middlewares/Third_Party/FreeRTOS/Source/tasks.o
                0x000000000800457c                vTaskStartScheduler
 .text.vTaskSuspendAll
                0x0000000008004614       0x10 ./Middlewares/Third_Party/FreeRTOS/Source/tasks.o
                0x0000000008004614                vTaskSuspendAll
 .text.xTaskGetTickCount
                0x0000000008004624        0xc ./Middlewares/Third_Party/FreeRTOS/Source/tasks.o
                0x0000000008004624                xTaskGetTickCount
 .text.xTaskGetTickCountFromISR
                0x0000000008004630       0x10 ./Middlewares/Third_Party/FreeRTOS/Source/tasks.o
                0x0000000008004630                xTaskGetTickCountFromISR
 .text.xTaskIncrementTick
                0x0000000008004640      0x12c ./Middlewares/Third_Party/FreeRTOS/Source/tasks.o
                0x0000000008004640                xTaskIncrementTick
 .text.xTaskResumeAll
                0x000000000800476c       0xe8 ./Middlewares/Third_Party/FreeRTOS/Source/tasks.o
                0x000000000800476c                xTaskResumeAll
 .text.vTaskDelay
                0x0000000008004854       0x48 ./Middlewares/Third_Party/FreeRTOS/Source/tasks.o
                0x0000000008004854                vTaskDelay
 .text.vTaskSwitchContext
                0x000000000800489c       0x84 ./Middlewares/Third_Party/FreeRTOS/Source/tasks.o
                0x000000000800489c                vTaskSwitchContext
 .text.vTaskPlaceOnEventList
                0x0000000008004920       0x34 ./Middlewares/Third_Party/FreeRTOS/Source/tasks.o
                0x0000000008004920                vTaskPlaceOnEventList
 .text.vTaskPlaceOnEventListRestricted
                0x0000000008004954       0x3c ./Middlewares/Third_Party/FreeRTOS/Source/tasks.o
                0x0000000008004954                vTaskPlaceOnEventListRestricted
 .text.xTaskRemoveFromEventList
                0x0000000008004990       0x88 ./Middlewares/Third_Party/FreeRTOS/Source/tasks.o
                0x0000000008004990                xTaskRemoveFromEventList
 .text.vTaskInternalSetTimeOutState
                0x0000000008004a18       0x18 ./Middlewares/Third_Party/FreeRTOS/Source/tasks.o
                0x0000000008004a18                vTaskInternalSetTimeOutState
 .text.xTaskCheckForTimeOut
                0x0000000008004a30       0x78 ./Middlewares/Third_Party/FreeRTOS/Source/tasks.o
                0x0000000008004a30                xTaskCheckForTimeOut
 .text.vTaskMissedYield
                0x0000000008004aa8        0xc ./Middlewares/Third_Party/FreeRTOS/Source/tasks.o
                0x0000000008004aa8                vTaskMissedYield
 .text.xTaskGetCurrentTaskHandle
                0x0000000008004ab4        0xc ./Middlewares/Third_Party/FreeRTOS/Source/tasks.o
                0x0000000008004ab4                xTaskGetCurrentTaskHandle
 .text.xTaskGetSchedulerState
                0x0000000008004ac0       0x20 ./Middlewares/Third_Party/FreeRTOS/Source/tasks.o
                0x0000000008004ac0                xTaskGetSchedulerState
 .text.xTaskPriorityInherit
                0x0000000008004ae0       0x84 ./Middlewares/Third_Party/FreeRTOS/Source/tasks.o
                0x0000000008004ae0                xTaskPriorityInherit
 .text.xTaskPriorityDisinherit
                0x0000000008004b64       0x88 ./Middlewares/Third_Party/FreeRTOS/Source/tasks.o
                0x0000000008004b64                xTaskPriorityDisinherit
 .text.vTaskPriorityDisinheritAfterTimeout
                0x0000000008004bec       0xa4 ./Middlewares/Third_Party/FreeRTOS/Source/tasks.o
                0x0000000008004bec                vTaskPriorityDisinheritAfterTimeout
 .text.pvTaskIncrementMutexHeldCount
                0x0000000008004c90       0x18 ./Middlewares/Third_Party/FreeRTOS/Source/tasks.o
                0x0000000008004c90                pvTaskIncrementMutexHeldCount
 .text.prvCheckForValidListAndQueue
                0x0000000008004ca8       0x68 ./Middlewares/Third_Party/FreeRTOS/Source/timers.o
 .text.prvInsertTimerInActiveList
                0x0000000008004d10       0x3c ./Middlewares/Third_Party/FreeRTOS/Source/timers.o
 .text.xTimerCreateTimerTask
                0x0000000008004d4c       0x64 ./Middlewares/Third_Party/FreeRTOS/Source/timers.o
                0x0000000008004d4c                xTimerCreateTimerTask
 .text.xTimerGenericCommand
                0x0000000008004db0       0x54 ./Middlewares/Third_Party/FreeRTOS/Source/timers.o
                0x0000000008004db0                xTimerGenericCommand
 .text.prvSwitchTimerLists
                0x0000000008004e04       0x7c ./Middlewares/Third_Party/FreeRTOS/Source/timers.o
 .text.prvTimerTask
                0x0000000008004e80      0x1f8 ./Middlewares/Third_Party/FreeRTOS/Source/timers.o
 .text.prvPortStartFirstTask
                0x0000000008005078       0x28 ./Middlewares/Third_Party/FreeRTOS/Source/portable/GCC/ARM_CM4F/port.o
 .text.vPortEnableVFP
                0x00000000080050a0       0x14 ./Middlewares/Third_Party/FreeRTOS/Source/portable/GCC/ARM_CM4F/port.o
 .text.prvTaskExitError
                0x00000000080050b4       0x40 ./Middlewares/Third_Party/FreeRTOS/Source/portable/GCC/ARM_CM4F/port.o
 .text.pxPortInitialiseStack
                0x00000000080050f4       0x24 ./Middlewares/Third_Party/FreeRTOS/Source/portable/GCC/ARM_CM4F/port.o
                0x00000000080050f4                pxPortInitialiseStack
 *fill*         0x0000000008005118        0x8 
 .text.SVC_Handler
                0x0000000008005120       0x24 ./Middlewares/Third_Party/FreeRTOS/Source/portable/GCC/ARM_CM4F/port.o
                0x0000000008005120                SVC_Handler
 .text.vPortEnterCritical
                0x0000000008005144       0x44 ./Middlewares/Third_Party/FreeRTOS/Source/portable/GCC/ARM_CM4F/port.o
                0x0000000008005144                vPortEnterCritical
 .text.vPortExitCritical
                0x0000000008005188       0x28 ./Middlewares/Third_Party/FreeRTOS/Source/portable/GCC/ARM_CM4F/port.o
                0x0000000008005188                vPortExitCritical
 .text.PendSV_Handler
                0x00000000080051b0       0x64 ./Middlewares/Third_Party/FreeRTOS/Source/portable/GCC/ARM_CM4F/port.o
                0x00000000080051b0                PendSV_Handler
 .text.xPortSysTickHandler
                0x0000000008005214       0x2c ./Middlewares/Third_Party/FreeRTOS/Source/portable/GCC/ARM_CM4F/port.o
                0x0000000008005214                xPortSysTickHandler
 .text.vPortSetupTimerInterrupt
                0x0000000008005240       0x34 ./Middlewares/Third_Party/FreeRTOS/Source/portable/GCC/ARM_CM4F/port.o
                0x0000000008005240                vPortSetupTimerInterrupt
 .text.xPortStartScheduler
                0x0000000008005274      0x104 ./Middlewares/Third_Party/FreeRTOS/Source/portable/GCC/ARM_CM4F/port.o
                0x0000000008005274                xPortStartScheduler
 .text.vPortValidateInterruptPriority
                0x0000000008005378       0x5c ./Middlewares/Third_Party/FreeRTOS/Source/portable/GCC/ARM_CM4F/port.o
                0x0000000008005378                vPortValidateInterruptPriority
 .text.prvInsertBlockIntoFreeList
                0x00000000080053d4       0x48 ./Middlewares/Third_Party/FreeRTOS/Source/portable/MemMang/heap_4.o
 .text.pvPortMalloc
                0x000000000800541c      0x124 ./Middlewares/Third_Party/FreeRTOS/Source/portable/MemMang/heap_4.o
                0x000000000800541c                pvPortMalloc
 .text.vPortFree
                0x0000000008005540       0x7c ./Middlewares/Third_Party/FreeRTOS/Source/portable/MemMang/heap_4.o
                0x0000000008005540                vPortFree
 .text.tcpip_thread
                0x00000000080055bc       0xd0 ./Middlewares/Third_Party/LwIP/src/api/tcpip.o
 .text.tcpip_inpkt
                0x000000000800568c       0x58 ./Middlewares/Third_Party/LwIP/src/api/tcpip.o
                0x000000000800568c                tcpip_inpkt
 .text.tcpip_input
                0x00000000080056e4       0x1c ./Middlewares/Third_Party/LwIP/src/api/tcpip.o
                0x00000000080056e4                tcpip_input
 .text.tcpip_try_callback
                0x0000000008005700       0x58 ./Middlewares/Third_Party/LwIP/src/api/tcpip.o
                0x0000000008005700                tcpip_try_callback
 .text.tcpip_init
                0x0000000008005758       0x80 ./Middlewares/Third_Party/LwIP/src/api/tcpip.o
                0x0000000008005758                tcpip_init
 .text.lwip_htons
                0x00000000080057d8        0x6 ./Middlewares/Third_Party/LwIP/src/core/def.o
                0x00000000080057d8                lwip_htons
 .text.lwip_htonl
                0x00000000080057de        0x4 ./Middlewares/Third_Party/LwIP/src/core/def.o
                0x00000000080057de                lwip_htonl
 .text.lwip_init
                0x00000000080057e2       0x22 ./Middlewares/Third_Party/LwIP/src/core/init.o
                0x00000000080057e2                lwip_init
 .text.mem_init
                0x0000000008005804       0x68 ./Middlewares/Third_Party/LwIP/src/core/mem.o
                0x0000000008005804                mem_init
 .text.mem_free
                0x000000000800586c      0x1b4 ./Middlewares/Third_Party/LwIP/src/core/mem.o
                0x000000000800586c                mem_free
 .text.mem_trim
                0x0000000008005a20      0x168 ./Middlewares/Third_Party/LwIP/src/core/mem.o
                0x0000000008005a20                mem_trim
 .text.mem_malloc
                0x0000000008005b88      0x15c ./Middlewares/Third_Party/LwIP/src/core/mem.o
                0x0000000008005b88                mem_malloc
 .text.do_memp_malloc_pool.isra.0
                0x0000000008005ce4       0x3c ./Middlewares/Third_Party/LwIP/src/core/memp.o
 .text.do_memp_free_pool.isra.0
                0x0000000008005d20       0x38 ./Middlewares/Third_Party/LwIP/src/core/memp.o
 .text.memp_init_pool
                0x0000000008005d58       0x26 ./Middlewares/Third_Party/LwIP/src/core/memp.o
                0x0000000008005d58                memp_init_pool
 *fill*         0x0000000008005d7e        0x2 
 .text.memp_init
                0x0000000008005d80       0x1c ./Middlewares/Third_Party/LwIP/src/core/memp.o
                0x0000000008005d80                memp_init
 .text.memp_malloc_pool
                0x0000000008005d9c       0x30 ./Middlewares/Third_Party/LwIP/src/core/memp.o
                0x0000000008005d9c                memp_malloc_pool
 .text.memp_malloc
                0x0000000008005dcc       0x38 ./Middlewares/Third_Party/LwIP/src/core/memp.o
                0x0000000008005dcc                memp_malloc
 .text.memp_free_pool
                0x0000000008005e04       0x28 ./Middlewares/Third_Party/LwIP/src/core/memp.o
                0x0000000008005e04                memp_free_pool
 .text.memp_free
                0x0000000008005e2c       0x34 ./Middlewares/Third_Party/LwIP/src/core/memp.o
                0x0000000008005e2c                memp_free
 .text.netif_null_output_ip4
                0x0000000008005e60        0x6 ./Middlewares/Third_Party/LwIP/src/core/netif.o
 *fill*         0x0000000008005e66        0x2 
 .text.netif_issue_reports
                0x0000000008005e68       0x48 ./Middlewares/Third_Party/LwIP/src/core/netif.o
 .text.netif_do_set_ipaddr
                0x0000000008005eb0       0x58 ./Middlewares/Third_Party/LwIP/src/core/netif.o
 .text.netif_init
                0x0000000008005f08        0x2 ./Middlewares/Third_Party/LwIP/src/core/netif.o
                0x0000000008005f08                netif_init
 *fill*         0x0000000008005f0a        0x2 
 .text.netif_set_addr
                0x0000000008005f0c       0x58 ./Middlewares/Third_Party/LwIP/src/core/netif.o
                0x0000000008005f0c                netif_set_addr
 .text.netif_add
                0x0000000008005f64      0x12c ./Middlewares/Third_Party/LwIP/src/core/netif.o
                0x0000000008005f64                netif_add
 .text.netif_set_default
                0x0000000008006090        0xc ./Middlewares/Third_Party/LwIP/src/core/netif.o
                0x0000000008006090                netif_set_default
 .text.netif_set_up
                0x000000000800609c       0x34 ./Middlewares/Third_Party/LwIP/src/core/netif.o
                0x000000000800609c                netif_set_up
 .text.netif_set_down
                0x00000000080060d0       0x38 ./Middlewares/Third_Party/LwIP/src/core/netif.o
                0x00000000080060d0                netif_set_down
 .text.netif_set_link_up
                0x0000000008006108       0x48 ./Middlewares/Third_Party/LwIP/src/core/netif.o
                0x0000000008006108                netif_set_link_up
 .text.netif_set_link_down
                0x0000000008006150       0x34 ./Middlewares/Third_Party/LwIP/src/core/netif.o
                0x0000000008006150                netif_set_link_down
 .text.netif_set_link_callback
                0x0000000008006184        0x6 ./Middlewares/Third_Party/LwIP/src/core/netif.o
                0x0000000008006184                netif_set_link_callback
 *fill*         0x000000000800618a        0x2 
 .text.netif_get_by_index
                0x000000000800618c       0x24 ./Middlewares/Third_Party/LwIP/src/core/netif.o
                0x000000000800618c                netif_get_by_index
 .text.pbuf_free_ooseq_callback
                0x00000000080061b0       0x30 ./Middlewares/Third_Party/LwIP/src/core/pbuf.o
 .text.pbuf_add_header_impl
                0x00000000080061e0       0x64 ./Middlewares/Third_Party/LwIP/src/core/pbuf.o
 .text.pbuf_alloc_reference
                0x0000000008006244       0x48 ./Middlewares/Third_Party/LwIP/src/core/pbuf.o
                0x0000000008006244                pbuf_alloc_reference
 .text.pbuf_alloced_custom
                0x000000000800628c       0x34 ./Middlewares/Third_Party/LwIP/src/core/pbuf.o
                0x000000000800628c                pbuf_alloced_custom
 .text.pbuf_add_header
                0x00000000080062c0        0x6 ./Middlewares/Third_Party/LwIP/src/core/pbuf.o
                0x00000000080062c0                pbuf_add_header
 *fill*         0x00000000080062c6        0x2 
 .text.pbuf_remove_header
                0x00000000080062c8       0x58 ./Middlewares/Third_Party/LwIP/src/core/pbuf.o
                0x00000000080062c8                pbuf_remove_header
 .text.pbuf_header_force
                0x0000000008006320       0x10 ./Middlewares/Third_Party/LwIP/src/core/pbuf.o
                0x0000000008006320                pbuf_header_force
 .text.pbuf_free
                0x0000000008006330       0xd0 ./Middlewares/Third_Party/LwIP/src/core/pbuf.o
                0x0000000008006330                pbuf_free
 .text.pbuf_alloc
                0x0000000008006400      0x124 ./Middlewares/Third_Party/LwIP/src/core/pbuf.o
                0x0000000008006400                pbuf_alloc
 .text.pbuf_realloc
                0x0000000008006524       0xb0 ./Middlewares/Third_Party/LwIP/src/core/pbuf.o
                0x0000000008006524                pbuf_realloc
 .text.pbuf_clen
                0x00000000080065d4       0x10 ./Middlewares/Third_Party/LwIP/src/core/pbuf.o
                0x00000000080065d4                pbuf_clen
 .text.pbuf_ref
                0x00000000080065e4       0x38 ./Middlewares/Third_Party/LwIP/src/core/pbuf.o
                0x00000000080065e4                pbuf_ref
 .text.pbuf_cat
                0x000000000800661c       0x74 ./Middlewares/Third_Party/LwIP/src/core/pbuf.o
                0x000000000800661c                pbuf_cat
 .text.pbuf_chain
                0x0000000008006690       0x12 ./Middlewares/Third_Party/LwIP/src/core/pbuf.o
                0x0000000008006690                pbuf_chain
 *fill*         0x00000000080066a2        0x2 
 .text.pbuf_copy
                0x00000000080066a4      0x104 ./Middlewares/Third_Party/LwIP/src/core/pbuf.o
                0x00000000080066a4                pbuf_copy
 .text.pbuf_copy_partial
                0x00000000080067a8       0x8c ./Middlewares/Third_Party/LwIP/src/core/pbuf.o
                0x00000000080067a8                pbuf_copy_partial
 .text.pbuf_clone
                0x0000000008006834       0x38 ./Middlewares/Third_Party/LwIP/src/core/pbuf.o
                0x0000000008006834                pbuf_clone
 .text.tcp_close_shutdown_fin
                0x000000000800686c       0x60 ./Middlewares/Third_Party/LwIP/src/core/tcp.o
 .text.tcp_init
                0x00000000080068cc       0x18 ./Middlewares/Third_Party/LwIP/src/core/tcp.o
                0x00000000080068cc                tcp_init
 .text.tcp_free
                0x00000000080068e4       0x30 ./Middlewares/Third_Party/LwIP/src/core/tcp.o
                0x00000000080068e4                tcp_free
 .text.tcp_update_rcv_ann_wnd
                0x0000000008006914       0x6c ./Middlewares/Third_Party/LwIP/src/core/tcp.o
                0x0000000008006914                tcp_update_rcv_ann_wnd
 .text.tcp_recved
                0x0000000008006980       0x7c ./Middlewares/Third_Party/LwIP/src/core/tcp.o
                0x0000000008006980                tcp_recved
 .text.tcp_seg_free
                0x00000000080069fc       0x1c ./Middlewares/Third_Party/LwIP/src/core/tcp.o
                0x00000000080069fc                tcp_seg_free
 .text.tcp_segs_free
                0x0000000008006a18       0x10 ./Middlewares/Third_Party/LwIP/src/core/tcp.o
                0x0000000008006a18                tcp_segs_free
 .text.tcp_seg_copy
                0x0000000008006a28       0x48 ./Middlewares/Third_Party/LwIP/src/core/tcp.o
                0x0000000008006a28                tcp_seg_copy
 .text.tcp_next_iss
                0x0000000008006a70       0x34 ./Middlewares/Third_Party/LwIP/src/core/tcp.o
                0x0000000008006a70                tcp_next_iss
 .text.tcp_eff_send_mss_netif
                0x0000000008006aa4       0x3c ./Middlewares/Third_Party/LwIP/src/core/tcp.o
                0x0000000008006aa4                tcp_eff_send_mss_netif
 .text.tcp_free_ooseq
                0x0000000008006ae0       0x12 ./Middlewares/Third_Party/LwIP/src/core/tcp.o
                0x0000000008006ae0                tcp_free_ooseq
 *fill*         0x0000000008006af2        0x2 
 .text.tcp_pcb_purge
                0x0000000008006af4       0x64 ./Middlewares/Third_Party/LwIP/src/core/tcp.o
                0x0000000008006af4                tcp_pcb_purge
 .text.tcp_pcb_remove
                0x0000000008006b58       0xcc ./Middlewares/Third_Party/LwIP/src/core/tcp.o
                0x0000000008006b58                tcp_pcb_remove
 .text.tcp_abandon
                0x0000000008006c24      0x104 ./Middlewares/Third_Party/LwIP/src/core/tcp.o
                0x0000000008006c24                tcp_abandon
 .text.tcp_abort
                0x0000000008006d28        0x6 ./Middlewares/Third_Party/LwIP/src/core/tcp.o
                0x0000000008006d28                tcp_abort
 *fill*         0x0000000008006d2e        0x2 
 .text.tcp_netif_ip_addr_changed_pcblist
                0x0000000008006d30       0x3c ./Middlewares/Third_Party/LwIP/src/core/tcp.o
 .text.tcp_netif_ip_addr_changed
                0x0000000008006d6c       0x48 ./Middlewares/Third_Party/LwIP/src/core/tcp.o
                0x0000000008006d6c                tcp_netif_ip_addr_changed
 .text.tcp_kill_state
                0x0000000008006db4       0x3c ./Middlewares/Third_Party/LwIP/src/core/tcp.o
 .text.tcp_alloc
                0x0000000008006df0      0x134 ./Middlewares/Third_Party/LwIP/src/core/tcp.o
                0x0000000008006df0                tcp_alloc
 .text.tcp_close_shutdown
                0x0000000008006f24      0x164 ./Middlewares/Third_Party/LwIP/src/core/tcp.o
 .text.tcp_close
                0x0000000008007088       0x3c ./Middlewares/Third_Party/LwIP/src/core/tcp.o
                0x0000000008007088                tcp_close
 .text.tcp_recv_null
                0x00000000080070c4       0x48 ./Middlewares/Third_Party/LwIP/src/core/tcp.o
                0x00000000080070c4                tcp_recv_null
 .text.tcp_process_refused_data
                0x000000000800710c       0x88 ./Middlewares/Third_Party/LwIP/src/core/tcp.o
                0x000000000800710c                tcp_process_refused_data
 .text.tcp_fasttmr
                0x0000000008007194       0x80 ./Middlewares/Third_Party/LwIP/src/core/tcp.o
                0x0000000008007194                tcp_fasttmr
 .text.tcp_slowtmr
                0x0000000008007214      0x43c ./Middlewares/Third_Party/LwIP/src/core/tcp.o
                0x0000000008007214                tcp_slowtmr
 .text.tcp_tmr  0x0000000008007650       0x24 ./Middlewares/Third_Party/LwIP/src/core/tcp.o
                0x0000000008007650                tcp_tmr
 .text.tcp_get_next_optbyte
                0x0000000008007674       0x38 ./Middlewares/Third_Party/LwIP/src/core/tcp_in.o
 .text.tcp_oos_insert_segment
                0x00000000080076ac       0x94 ./Middlewares/Third_Party/LwIP/src/core/tcp_in.o
 .text.tcp_parseopt
                0x0000000008007740       0x90 ./Middlewares/Third_Party/LwIP/src/core/tcp_in.o
 .text.tcp_input_delayed_close
                0x00000000080077d0       0x58 ./Middlewares/Third_Party/LwIP/src/core/tcp_in.o
 .text.tcp_free_acked_segments.isra.0
                0x0000000008007828       0xbc ./Middlewares/Third_Party/LwIP/src/core/tcp_in.o
 .text.tcp_receive
                0x00000000080078e4      0x858 ./Middlewares/Third_Party/LwIP/src/core/tcp_in.o
 .text.tcp_input
                0x000000000800813c      0xad0 ./Middlewares/Third_Party/LwIP/src/core/tcp_in.o
                0x000000000800813c                tcp_input
 .text.tcp_trigger_input_pcb_close
                0x0000000008008c0c       0x10 ./Middlewares/Third_Party/LwIP/src/core/tcp_in.o
                0x0000000008008c0c                tcp_trigger_input_pcb_close
 .text.tcp_output_segment_busy
                0x0000000008008c1c       0x2c ./Middlewares/Third_Party/LwIP/src/core/tcp_out.o
 .text.tcp_create_segment
                0x0000000008008c48       0xe0 ./Middlewares/Third_Party/LwIP/src/core/tcp_out.o
 .text.tcp_output_alloc_header_common.constprop.0
                0x0000000008008d28       0x84 ./Middlewares/Third_Party/LwIP/src/core/tcp_out.o
 .text.tcp_output_alloc_header.constprop.0
                0x0000000008008dac       0x4c ./Middlewares/Third_Party/LwIP/src/core/tcp_out.o
 .text.tcp_output_fill_options.isra.0.constprop.0
                0x0000000008008df8       0x20 ./Middlewares/Third_Party/LwIP/src/core/tcp_out.o
 .text.tcp_output_control_segment
                0x0000000008008e18       0x70 ./Middlewares/Third_Party/LwIP/src/core/tcp_out.o
 .text.tcp_split_unsent_seg
                0x0000000008008e88      0x198 ./Middlewares/Third_Party/LwIP/src/core/tcp_out.o
                0x0000000008008e88                tcp_split_unsent_seg
 .text.tcp_enqueue_flags
                0x0000000008009020      0x128 ./Middlewares/Third_Party/LwIP/src/core/tcp_out.o
                0x0000000008009020                tcp_enqueue_flags
 .text.tcp_send_fin
                0x0000000008009148       0x60 ./Middlewares/Third_Party/LwIP/src/core/tcp_out.o
                0x0000000008009148                tcp_send_fin
 .text.tcp_rexmit_rto_prepare
                0x00000000080091a8       0x88 ./Middlewares/Third_Party/LwIP/src/core/tcp_out.o
                0x00000000080091a8                tcp_rexmit_rto_prepare
 .text.tcp_rexmit
                0x0000000008009230       0x80 ./Middlewares/Third_Party/LwIP/src/core/tcp_out.o
                0x0000000008009230                tcp_rexmit
 .text.tcp_rexmit_fast
                0x00000000080092b0       0x68 ./Middlewares/Third_Party/LwIP/src/core/tcp_out.o
                0x00000000080092b0                tcp_rexmit_fast
 .text.tcp_rst  0x0000000008009318       0x8c ./Middlewares/Third_Party/LwIP/src/core/tcp_out.o
                0x0000000008009318                tcp_rst
 .text.tcp_send_empty_ack
                0x00000000080093a4       0x64 ./Middlewares/Third_Party/LwIP/src/core/tcp_out.o
                0x00000000080093a4                tcp_send_empty_ack
 .text.tcp_output
                0x0000000008009408      0x354 ./Middlewares/Third_Party/LwIP/src/core/tcp_out.o
                0x0000000008009408                tcp_output
 .text.tcp_rexmit_rto_commit
                0x000000000800975c       0x38 ./Middlewares/Third_Party/LwIP/src/core/tcp_out.o
                0x000000000800975c                tcp_rexmit_rto_commit
 .text.tcp_rexmit_rto
                0x0000000008009794       0x34 ./Middlewares/Third_Party/LwIP/src/core/tcp_out.o
                0x0000000008009794                tcp_rexmit_rto
 .text.tcp_keepalive
                0x00000000080097c8       0x50 ./Middlewares/Third_Party/LwIP/src/core/tcp_out.o
                0x00000000080097c8                tcp_keepalive
 .text.tcp_zero_window_probe
                0x0000000008009818       0xc8 ./Middlewares/Third_Party/LwIP/src/core/tcp_out.o
                0x0000000008009818                tcp_zero_window_probe
 .text.sys_timeout_abs
                0x00000000080098e0       0x64 ./Middlewares/Third_Party/LwIP/src/core/timeouts.o
 .text.lwip_cyclic_timer
                0x0000000008009944       0x34 ./Middlewares/Third_Party/LwIP/src/core/timeouts.o
 .text.sys_timeout
                0x0000000008009978       0x3c ./Middlewares/Third_Party/LwIP/src/core/timeouts.o
                0x0000000008009978                sys_timeout
 .text.tcp_timer_needed
                0x00000000080099b4       0x34 ./Middlewares/Third_Party/LwIP/src/core/timeouts.o
                0x00000000080099b4                tcp_timer_needed
 .text.tcpip_tcp_timer
                0x00000000080099e8       0x38 ./Middlewares/Third_Party/LwIP/src/core/timeouts.o
 .text.sys_timeouts_init
                0x0000000008009a20       0x2c ./Middlewares/Third_Party/LwIP/src/core/timeouts.o
                0x0000000008009a20                sys_timeouts_init
 .text.sys_check_timeouts
                0x0000000008009a4c       0x44 ./Middlewares/Third_Party/LwIP/src/core/timeouts.o
                0x0000000008009a4c                sys_check_timeouts
 .text.sys_timeouts_sleeptime
                0x0000000008009a90       0x24 ./Middlewares/Third_Party/LwIP/src/core/timeouts.o
                0x0000000008009a90                sys_timeouts_sleeptime
 .text.udp_init
                0x0000000008009ab4       0x18 ./Middlewares/Third_Party/LwIP/src/core/udp.o
                0x0000000008009ab4                udp_init
 .text.udp_input
                0x0000000008009acc      0x1b0 ./Middlewares/Third_Party/LwIP/src/core/udp.o
                0x0000000008009acc                udp_input
 .text.udp_bind
                0x0000000008009c7c       0xd0 ./Middlewares/Third_Party/LwIP/src/core/udp.o
                0x0000000008009c7c                udp_bind
 .text.udp_sendto_if_src
                0x0000000008009d4c      0x130 ./Middlewares/Third_Party/LwIP/src/core/udp.o
                0x0000000008009d4c                udp_sendto_if_src
 .text.udp_sendto_if
                0x0000000008009e7c       0x80 ./Middlewares/Third_Party/LwIP/src/core/udp.o
                0x0000000008009e7c                udp_sendto_if
 .text.udp_sendto
                0x0000000008009efc       0x78 ./Middlewares/Third_Party/LwIP/src/core/udp.o
                0x0000000008009efc                udp_sendto
 .text.udp_send
                0x0000000008009f74       0x44 ./Middlewares/Third_Party/LwIP/src/core/udp.o
                0x0000000008009f74                udp_send
 .text.udp_connect
                0x0000000008009fb8       0x78 ./Middlewares/Third_Party/LwIP/src/core/udp.o
                0x0000000008009fb8                udp_connect
 .text.udp_new  0x000000000800a030       0x1c ./Middlewares/Third_Party/LwIP/src/core/udp.o
                0x000000000800a030                udp_new
 .text.udp_netif_ip_addr_changed
                0x000000000800a04c       0x2c ./Middlewares/Third_Party/LwIP/src/core/udp.o
                0x000000000800a04c                udp_netif_ip_addr_changed
 .text.etharp_free_entry
                0x000000000800a078       0x28 ./Middlewares/Third_Party/LwIP/src/core/ipv4/etharp.o
 .text.etharp_find_entry
                0x000000000800a0a0      0x11c ./Middlewares/Third_Party/LwIP/src/core/ipv4/etharp.o
 .text.etharp_raw
                0x000000000800a1bc       0xdc ./Middlewares/Third_Party/LwIP/src/core/ipv4/etharp.o
 .text.etharp_cleanup_netif
                0x000000000800a298       0x28 ./Middlewares/Third_Party/LwIP/src/core/ipv4/etharp.o
                0x000000000800a298                etharp_cleanup_netif
 .text.etharp_input
                0x000000000800a2c0      0x144 ./Middlewares/Third_Party/LwIP/src/core/ipv4/etharp.o
                0x000000000800a2c0                etharp_input
 .text.etharp_request
                0x000000000800a404       0x2c ./Middlewares/Third_Party/LwIP/src/core/ipv4/etharp.o
                0x000000000800a404                etharp_request
 .text.etharp_tmr
                0x000000000800a430       0x54 ./Middlewares/Third_Party/LwIP/src/core/ipv4/etharp.o
                0x000000000800a430                etharp_tmr
 .text.etharp_output_to_arp_index
                0x000000000800a484       0xac ./Middlewares/Third_Party/LwIP/src/core/ipv4/etharp.o
 .text.etharp_query
                0x000000000800a530      0x130 ./Middlewares/Third_Party/LwIP/src/core/ipv4/etharp.o
                0x000000000800a530                etharp_query
 .text.etharp_output
                0x000000000800a660      0x134 ./Middlewares/Third_Party/LwIP/src/core/ipv4/etharp.o
                0x000000000800a660                etharp_output
 .text.icmp_send_response.isra.0
                0x000000000800a794       0x90 ./Middlewares/Third_Party/LwIP/src/core/ipv4/icmp.o
 .text.icmp_input
                0x000000000800a824      0x12c ./Middlewares/Third_Party/LwIP/src/core/ipv4/icmp.o
                0x000000000800a824                icmp_input
 .text.icmp_dest_unreach
                0x000000000800a950        0xa ./Middlewares/Third_Party/LwIP/src/core/ipv4/icmp.o
                0x000000000800a950                icmp_dest_unreach
 .text.icmp_time_exceeded
                0x000000000800a95a        0xa ./Middlewares/Third_Party/LwIP/src/core/ipv4/icmp.o
                0x000000000800a95a                icmp_time_exceeded
 .text.ip4_input_accept
                0x000000000800a964       0x34 ./Middlewares/Third_Party/LwIP/src/core/ipv4/ip4.o
 .text.ip4_route
                0x000000000800a998       0x5c ./Middlewares/Third_Party/LwIP/src/core/ipv4/ip4.o
                0x000000000800a998                ip4_route
 .text.ip4_input
                0x000000000800a9f4      0x168 ./Middlewares/Third_Party/LwIP/src/core/ipv4/ip4.o
                0x000000000800a9f4                ip4_input
 .text.ip4_output_if_src
                0x000000000800ab5c       0xf4 ./Middlewares/Third_Party/LwIP/src/core/ipv4/ip4.o
                0x000000000800ab5c                ip4_output_if_src
 .text.ip4_output_if
                0x000000000800ac50       0x22 ./Middlewares/Third_Party/LwIP/src/core/ipv4/ip4.o
                0x000000000800ac50                ip4_output_if
 .text.ip4_addr_isbroadcast_u32
                0x000000000800ac72       0x36 ./Middlewares/Third_Party/LwIP/src/core/ipv4/ip4_addr.o
                0x000000000800ac72                ip4_addr_isbroadcast_u32
 .text.ip_reass_dequeue_datagram
                0x000000000800aca8       0x44 ./Middlewares/Third_Party/LwIP/src/core/ipv4/ip4_frag.o
 .text.ip_reass_free_complete_datagram
                0x000000000800acec       0xe8 ./Middlewares/Third_Party/LwIP/src/core/ipv4/ip4_frag.o
 .text.ip_reass_remove_oldest_datagram
                0x000000000800add4       0x78 ./Middlewares/Third_Party/LwIP/src/core/ipv4/ip4_frag.o
 .text.ip_frag_free_pbuf_custom_ref
                0x000000000800ae4c       0x2c ./Middlewares/Third_Party/LwIP/src/core/ipv4/ip4_frag.o
 .text.ipfrag_free_pbuf_custom
                0x000000000800ae78       0x34 ./Middlewares/Third_Party/LwIP/src/core/ipv4/ip4_frag.o
 .text.ip_reass_tmr
                0x000000000800aeac       0x2c ./Middlewares/Third_Party/LwIP/src/core/ipv4/ip4_frag.o
                0x000000000800aeac                ip_reass_tmr
 .text.ip4_reass
                0x000000000800aed8      0x3b8 ./Middlewares/Third_Party/LwIP/src/core/ipv4/ip4_frag.o
                0x000000000800aed8                ip4_reass
 .text.ip4_frag
                0x000000000800b290      0x1d8 ./Middlewares/Third_Party/LwIP/src/core/ipv4/ip4_frag.o
                0x000000000800b290                ip4_frag
 .text.ethernet_input
                0x000000000800b468       0xa0 ./Middlewares/Third_Party/LwIP/src/netif/ethernet.o
                0x000000000800b468                ethernet_input
 .text.ethernet_output
                0x000000000800b508       0x70 ./Middlewares/Third_Party/LwIP/src/netif/ethernet.o
                0x000000000800b508                ethernet_output
 .text.sys_mbox_new
                0x000000000800b578       0x1a ./Middlewares/Third_Party/LwIP/system/OS/sys_arch.o
                0x000000000800b578                sys_mbox_new
 .text.sys_mbox_trypost
                0x000000000800b592       0x1e ./Middlewares/Third_Party/LwIP/system/OS/sys_arch.o
                0x000000000800b592                sys_mbox_trypost
 .text.sys_arch_mbox_fetch
                0x000000000800b5b0       0x3c ./Middlewares/Third_Party/LwIP/system/OS/sys_arch.o
                0x000000000800b5b0                sys_arch_mbox_fetch
 .text.sys_mbox_valid
                0x000000000800b5ec        0xa ./Middlewares/Third_Party/LwIP/system/OS/sys_arch.o
                0x000000000800b5ec                sys_mbox_valid
 *fill*         0x000000000800b5f6        0x2 
 .text.sys_init
                0x000000000800b5f8       0x14 ./Middlewares/Third_Party/LwIP/system/OS/sys_arch.o
                0x000000000800b5f8                sys_init
 .text.sys_mutex_new
                0x000000000800b60c       0x16 ./Middlewares/Third_Party/LwIP/system/OS/sys_arch.o
                0x000000000800b60c                sys_mutex_new
 .text.sys_mutex_lock
                0x000000000800b622        0xa ./Middlewares/Third_Party/LwIP/system/OS/sys_arch.o
                0x000000000800b622                sys_mutex_lock
 .text.sys_mutex_unlock
                0x000000000800b62c        0x6 ./Middlewares/Third_Party/LwIP/system/OS/sys_arch.o
                0x000000000800b62c                sys_mutex_unlock
 .text.sys_thread_new
                0x000000000800b632       0x2c ./Middlewares/Third_Party/LwIP/system/OS/sys_arch.o
                0x000000000800b632                sys_thread_new
 *fill*         0x000000000800b65e        0x2 
 .text.sys_arch_protect
                0x000000000800b660       0x18 ./Middlewares/Third_Party/LwIP/system/OS/sys_arch.o
                0x000000000800b660                sys_arch_protect
 .text.sys_arch_unprotect
                0x000000000800b678        0xc ./Middlewares/Third_Party/LwIP/system/OS/sys_arch.o
                0x000000000800b678                sys_arch_unprotect
 .text.std      0x000000000800b684       0x48 /opt/st/stm32cubeide_1.7.0/plugins/com.st.stm32cube.ide.mcu.externaltools.gnu-tools-for-stm32.9-2020-q2-update.linux64_2.0.0.202105311346/tools/bin/../lib/gcc/arm-none-eabi/9.3.1/../../../../arm-none-eabi/lib/thumb/v7e-m+dp/hard/libc_nano.a(lib_a-findfp.o)
 .text._cleanup_r
                0x000000000800b6cc        0xc /opt/st/stm32cubeide_1.7.0/plugins/com.st.stm32cube.ide.mcu.externaltools.gnu-tools-for-stm32.9-2020-q2-update.linux64_2.0.0.202105311346/tools/bin/../lib/gcc/arm-none-eabi/9.3.1/../../../../arm-none-eabi/lib/thumb/v7e-m+dp/hard/libc_nano.a(lib_a-findfp.o)
                0x000000000800b6cc                _cleanup_r
 .text.__sfmoreglue
                0x000000000800b6d8       0x2c /opt/st/stm32cubeide_1.7.0/plugins/com.st.stm32cube.ide.mcu.externaltools.gnu-tools-for-stm32.9-2020-q2-update.linux64_2.0.0.202105311346/tools/bin/../lib/gcc/arm-none-eabi/9.3.1/../../../../arm-none-eabi/lib/thumb/v7e-m+dp/hard/libc_nano.a(lib_a-findfp.o)
                0x000000000800b6d8                __sfmoreglue
 .text.__sfp_lock_acquire
                0x000000000800b704        0xc /opt/st/stm32cubeide_1.7.0/plugins/com.st.stm32cube.ide.mcu.externaltools.gnu-tools-for-stm32.9-2020-q2-update.linux64_2.0.0.202105311346/tools/bin/../lib/gcc/arm-none-eabi/9.3.1/../../../../arm-none-eabi/lib/thumb/v7e-m+dp/hard/libc_nano.a(lib_a-findfp.o)
                0x000000000800b704                __sfp_lock_acquire
 .text.__sfp_lock_release
                0x000000000800b710        0xc /opt/st/stm32cubeide_1.7.0/plugins/com.st.stm32cube.ide.mcu.externaltools.gnu-tools-for-stm32.9-2020-q2-update.linux64_2.0.0.202105311346/tools/bin/../lib/gcc/arm-none-eabi/9.3.1/../../../../arm-none-eabi/lib/thumb/v7e-m+dp/hard/libc_nano.a(lib_a-findfp.o)
                0x000000000800b710                __sfp_lock_release
 .text.__sinit_lock_acquire
                0x000000000800b71c        0xc /opt/st/stm32cubeide_1.7.0/plugins/com.st.stm32cube.ide.mcu.externaltools.gnu-tools-for-stm32.9-2020-q2-update.linux64_2.0.0.202105311346/tools/bin/../lib/gcc/arm-none-eabi/9.3.1/../../../../arm-none-eabi/lib/thumb/v7e-m+dp/hard/libc_nano.a(lib_a-findfp.o)
                0x000000000800b71c                __sinit_lock_acquire
 .text.__sinit_lock_release
                0x000000000800b728        0xc /opt/st/stm32cubeide_1.7.0/plugins/com.st.stm32cube.ide.mcu.externaltools.gnu-tools-for-stm32.9-2020-q2-update.linux64_2.0.0.202105311346/tools/bin/../lib/gcc/arm-none-eabi/9.3.1/../../../../arm-none-eabi/lib/thumb/v7e-m+dp/hard/libc_nano.a(lib_a-findfp.o)
                0x000000000800b728                __sinit_lock_release
 .text.__sinit  0x000000000800b734       0x70 /opt/st/stm32cubeide_1.7.0/plugins/com.st.stm32cube.ide.mcu.externaltools.gnu-tools-for-stm32.9-2020-q2-update.linux64_2.0.0.202105311346/tools/bin/../lib/gcc/arm-none-eabi/9.3.1/../../../../arm-none-eabi/lib/thumb/v7e-m+dp/hard/libc_nano.a(lib_a-findfp.o)
                0x000000000800b734                __sinit
 .text.__sfp    0x000000000800b7a4       0x8c /opt/st/stm32cubeide_1.7.0/plugins/com.st.stm32cube.ide.mcu.externaltools.gnu-tools-for-stm32.9-2020-q2-update.linux64_2.0.0.202105311346/tools/bin/../lib/gcc/arm-none-eabi/9.3.1/../../../../arm-none-eabi/lib/thumb/v7e-m+dp/hard/libc_nano.a(lib_a-findfp.o)
                0x000000000800b7a4                __sfp
 .text._fwalk_reent
                0x000000000800b830       0x3e /opt/st/stm32cubeide_1.7.0/plugins/com.st.stm32cube.ide.mcu.externaltools.gnu-tools-for-stm32.9-2020-q2-update.linux64_2.0.0.202105311346/tools/bin/../lib/gcc/arm-none-eabi/9.3.1/../../../../arm-none-eabi/lib/thumb/v7e-m+dp/hard/libc_nano.a(lib_a-fwalk.o)
                0x000000000800b830                _fwalk_reent
 *fill*         0x000000000800b86e        0x2 
 .text.__libc_init_array
                0x000000000800b870       0x48 /opt/st/stm32cubeide_1.7.0/plugins/com.st.stm32cube.ide.mcu.externaltools.gnu-tools-for-stm32.9-2020-q2-update.linux64_2.0.0.202105311346/tools/bin/../lib/gcc/arm-none-eabi/9.3.1/../../../../arm-none-eabi/lib/thumb/v7e-m+dp/hard/libc_nano.a(lib_a-init.o)
                0x000000000800b870                __libc_init_array
 .text.__retarget_lock_init_recursive
                0x000000000800b8b8        0x2 /opt/st/stm32cubeide_1.7.0/plugins/com.st.stm32cube.ide.mcu.externaltools.gnu-tools-for-stm32.9-2020-q2-update.linux64_2.0.0.202105311346/tools/bin/../lib/gcc/arm-none-eabi/9.3.1/../../../../arm-none-eabi/lib/thumb/v7e-m+dp/hard/libc_nano.a(lib_a-lock.o)
                0x000000000800b8b8                __retarget_lock_init_recursive
 .text.__retarget_lock_acquire_recursive
                0x000000000800b8ba        0x2 /opt/st/stm32cubeide_1.7.0/plugins/com.st.stm32cube.ide.mcu.externaltools.gnu-tools-for-stm32.9-2020-q2-update.linux64_2.0.0.202105311346/tools/bin/../lib/gcc/arm-none-eabi/9.3.1/../../../../arm-none-eabi/lib/thumb/v7e-m+dp/hard/libc_nano.a(lib_a-lock.o)
                0x000000000800b8ba                __retarget_lock_acquire_recursive
 .text.__retarget_lock_release_recursive
                0x000000000800b8bc        0x2 /opt/st/stm32cubeide_1.7.0/plugins/com.st.stm32cube.ide.mcu.externaltools.gnu-tools-for-stm32.9-2020-q2-update.linux64_2.0.0.202105311346/tools/bin/../lib/gcc/arm-none-eabi/9.3.1/../../../../arm-none-eabi/lib/thumb/v7e-m+dp/hard/libc_nano.a(lib_a-lock.o)
                0x000000000800b8bc                __retarget_lock_release_recursive
 .text.memcmp   0x000000000800b8be       0x1c /opt/st/stm32cubeide_1.7.0/plugins/com.st.stm32cube.ide.mcu.externaltools.gnu-tools-for-stm32.9-2020-q2-update.linux64_2.0.0.202105311346/tools/bin/../lib/gcc/arm-none-eabi/9.3.1/../../../../arm-none-eabi/lib/thumb/v7e-m+dp/hard/libc_nano.a(lib_a-memcmp.o)
                0x000000000800b8be                memcmp
 .text.memcpy   0x000000000800b8da       0x1c /opt/st/stm32cubeide_1.7.0/plugins/com.st.stm32cube.ide.mcu.externaltools.gnu-tools-for-stm32.9-2020-q2-update.linux64_2.0.0.202105311346/tools/bin/../lib/gcc/arm-none-eabi/9.3.1/../../../../arm-none-eabi/lib/thumb/v7e-m+dp/hard/libc_nano.a(lib_a-memcpy-stub.o)
                0x000000000800b8da                memcpy
 .text.memset   0x000000000800b8f6       0x10 /opt/st/stm32cubeide_1.7.0/plugins/com.st.stm32cube.ide.mcu.externaltools.gnu-tools-for-stm32.9-2020-q2-update.linux64_2.0.0.202105311346/tools/bin/../lib/gcc/arm-none-eabi/9.3.1/../../../../arm-none-eabi/lib/thumb/v7e-m+dp/hard/libc_nano.a(lib_a-memset.o)
                0x000000000800b8f6                memset
 *fill*         0x000000000800b906        0x2 
 .text._malloc_r
                0x000000000800b908       0xb4 /opt/st/stm32cubeide_1.7.0/plugins/com.st.stm32cube.ide.mcu.externaltools.gnu-tools-for-stm32.9-2020-q2-update.linux64_2.0.0.202105311346/tools/bin/../lib/gcc/arm-none-eabi/9.3.1/../../../../arm-none-eabi/lib/thumb/v7e-m+dp/hard/libc_nano.a(lib_a-nano-mallocr.o)
                0x000000000800b908                _malloc_r
 .text.printf   0x000000000800b9bc       0x30 /opt/st/stm32cubeide_1.7.0/plugins/com.st.stm32cube.ide.mcu.externaltools.gnu-tools-for-stm32.9-2020-q2-update.linux64_2.0.0.202105311346/tools/bin/../lib/gcc/arm-none-eabi/9.3.1/../../../../arm-none-eabi/lib/thumb/v7e-m+dp/hard/libc_nano.a(lib_a-printf.o)
                0x000000000800b9bc                printf
                0x000000000800b9bc                iprintf
 .text.rand     0x000000000800b9ec       0x80 /opt/st/stm32cubeide_1.7.0/plugins/com.st.stm32cube.ide.mcu.externaltools.gnu-tools-for-stm32.9-2020-q2-update.linux64_2.0.0.202105311346/tools/bin/../lib/gcc/arm-none-eabi/9.3.1/../../../../arm-none-eabi/lib/thumb/v7e-m+dp/hard/libc_nano.a(lib_a-rand.o)
                0x000000000800b9ec                rand
 .text.cleanup_glue
                0x000000000800ba6c       0x1a /opt/st/stm32cubeide_1.7.0/plugins/com.st.stm32cube.ide.mcu.externaltools.gnu-tools-for-stm32.9-2020-q2-update.linux64_2.0.0.202105311346/tools/bin/../lib/gcc/arm-none-eabi/9.3.1/../../../../arm-none-eabi/lib/thumb/v7e-m+dp/hard/libc_nano.a(lib_a-reent.o)
                0x000000000800ba6c                cleanup_glue
 *fill*         0x000000000800ba86        0x2 
 .text._reclaim_reent
                0x000000000800ba88       0xb8 /opt/st/stm32cubeide_1.7.0/plugins/com.st.stm32cube.ide.mcu.externaltools.gnu-tools-for-stm32.9-2020-q2-update.linux64_2.0.0.202105311346/tools/bin/../lib/gcc/arm-none-eabi/9.3.1/../../../../arm-none-eabi/lib/thumb/v7e-m+dp/hard/libc_nano.a(lib_a-reent.o)
                0x000000000800ba88                _reclaim_reent
 .text._sbrk_r  0x000000000800bb40       0x20 /opt/st/stm32cubeide_1.7.0/plugins/com.st.stm32cube.ide.mcu.externaltools.gnu-tools-for-stm32.9-2020-q2-update.linux64_2.0.0.202105311346/tools/bin/../lib/gcc/arm-none-eabi/9.3.1/../../../../arm-none-eabi/lib/thumb/v7e-m+dp/hard/libc_nano.a(lib_a-sbrkr.o)
                0x000000000800bb40                _sbrk_r
 .text.__sread  0x000000000800bb60       0x22 /opt/st/stm32cubeide_1.7.0/plugins/com.st.stm32cube.ide.mcu.externaltools.gnu-tools-for-stm32.9-2020-q2-update.linux64_2.0.0.202105311346/tools/bin/../lib/gcc/arm-none-eabi/9.3.1/../../../../arm-none-eabi/lib/thumb/v7e-m+dp/hard/libc_nano.a(lib_a-stdio.o)
                0x000000000800bb60                __sread
 .text.__swrite